Microsoft Windows [Version 10.0.22621.1105]
(c) Microsoft Corporation. All rights reserved.

D:\web3\web3_learn\learn-web3.dao.io\sophomore>mkdir Whitelist-Dapp

D:\web3\web3_learn\learn-web3.dao.io\sophomore>cd Whitelist-Dapp

D:\web3\web3_learn\learn-web3.dao.io\sophomore\Whitelist-Dapp>mkdir hardhat-tutorial

D:\web3\web3_learn\learn-web3.dao.io\sophomore\Whitelist-Dapp>cd hardhat-tutorial

D:\web3\web3_learn\learn-web3.dao.io\sophomore\Whitelist-Dapp\hardhat-tutorial>npm init --yes
Wrote to D:\web3\web3_learn\learn-web3.dao.io\sophomore\Whitelist-Dapp\hardhat-tutorial\package.json:

{
  "name": "hardhat-tutorial",
  "version": "1.0.0",
  "description": "",
  "main": "index.js",
  "scripts": {
    "test": "echo \"Error: no test specified\" && exit 1"
  },
  "keywords": [],
  "author": "",
  "license": "ISC"
}



D:\web3\web3_learn\learn-web3.dao.io\sophomore\Whitelist-Dapp\hardhat-tutorial>npm install --save-dev hardhat

added 299 packages, and audited 300 packages in 1m

61 packages are looking for funding
  run `npm fund` for details

found 0 vulnerabilities
npm notice
npm notice New minor version of npm available! 9.2.0 -> 9.4.2
npm notice Changelog: https://github.com/npm/cli/releases/tag/v9.4.2
npm notice Run npm install -g npm@9.4.2 to update!
npm notice

D:\web3\web3_learn\learn-web3.dao.io\sophomore\Whitelist-Dapp\hardhat-tutorial>

D:\web3\web3_learn\learn-web3.dao.io\sophomore\Whitelist-Dapp\hardhat-tutorial>npm install -g npm@9.4.2

removed 5 packages, and changed 60 packages in 9s

16 packages are looking for funding
  run `npm fund` for details

D:\web3\web3_learn\learn-web3.dao.io\sophomore\Whitelist-Dapp\hardhat-tutorial>npm fund
hardhat-tutorial@1.0.0
+-- https://gitcoin.co/grants/13/ethersjs-complete-simple-and-tiny-2
|   `-- @ethersproject/abi@5.7.0, @ethersproject/address@5.7.0, @ethersproject/rlp@5.7.0, @ethersproject/bignumber@5.7.0, @ethersproject/bytes@5.7.0, @ethersproject/constants@5.7.0, @ethersproject/hash@5.7.0, @ethersproject/abstract-signer@5.7.0, @ethersproject/abstract-provider@5.7.0, @ethersproject/networks@5.7.1, @ethersproject/transactions@5.7.0, @ethersproject/signing-key@5.7.0, @ethersproject/web@5.7.1, @ethersproject/base64@5.7.0, @ethersproject/keccak256@5.7.0, @ethersproject/logger@5.7.0, @ethersproject/properties@5.7.0, @ethersproject/strings@5.7.0
+-- https://github.com/sponsors/sindresorhus
|   `-- ansi-escapes@4.3.2, type-fest@0.21.3, escape-string-regexp@4.0.0, find-up@5.0.0, locate-path@6.0.0, p-locate@5.0.0, p-limit@3.1.0, yocto-queue@0.1.0, log-symbols@4.1.0, is-unicode-supported@0.1.0, strip-json-comments@3.1.1, camelcase@6.3.0, decamelize@4.0.0, p-map@4.0.0
+-- https://paulmillr.com/funding/
| | `-- chokidar@3.5.3, @noble/hashes@1.2.0, @noble/secp256k1@1.7.1, @scure/bip32@1.1.5, @scure/base@1.1.1, @scure/bip39@1.1.1
| `-- https://github.com/sponsors/jonschlinkert
|     `-- picomatch@2.3.1
+-- https://github.com/sponsors/isaacs
|   `-- glob@7.2.0
+-- https://opencollective.com/mochajs
| | `-- mocha@10.2.0
| +-- https://github.com/chalk/supports-color?sponsor=1
| |   `-- supports-color@8.1.1
| `-- https://github.com/chalk/wrap-ansi?sponsor=1
|     `-- wrap-ansi@7.0.0
+-- https://github.com/sponsors/ljharb
|   `-- qs@6.11.0, side-channel@1.0.4, call-bind@1.0.2, get-intrinsic@1.2.0, has-symbols@1.0.3, object-inspect@1.12.3, resolve@1.17.0
+-- https://github.com/sponsors/feross
|   `-- safe-buffer@5.2.1, run-parallel-limit@1.1.0, buffer@6.0.3, base64-js@1.5.1, ieee754@1.2.1, is-buffer@2.0.5, queue-microtask@1.2.3
+-- https://opencollective.com/level
|   `-- level@8.0.0
`-- https://github.com/sponsors/RubenVerborgh
    `-- follow-redirects@1.15.2


D:\web3\web3_learn\learn-web3.dao.io\sophomore\Whitelist-Dapp\hardhat-tutorial>


D:\web3\web3_learn\learn-web3.dao.io\sophomore\Whitelist-Dapp\hardhat-tutorial>npm install --save-dev @nomicfoundation/hardhat-toolbox
npm WARN deprecated request-promise-native@1.0.9: request-promise-native has been deprecated because it extends the now deprecated request package, see https://github.com/request/request/issues/3142
npm WARN deprecated har-validator@5.1.5: this library is no longer supported
npm WARN deprecated debug@3.2.6: Debug versions >=3.2.0 <3.2.7 || >=4 <4.3.1 have a low-severity ReDos regression when used in a Node.js environment. It is recommended you upgrade to 3.2.7 or 4.3.1. (https://github.com/visionmedia/debug/issues/797)
npm WARN deprecated debug@3.2.6: Debug versions >=3.2.0 <3.2.7 || >=4 <4.3.1 have a low-severity ReDos regression when used in a Node.js environment. It is recommended you upgrade to 3.2.7 or 4.3.1. (https://github.com/visionmedia/debug/issues/797)
npm WARN deprecated uuid@2.0.1: Please upgrade  to version 7 or higher.  Older versions may use Math.random() in certain circumstances, which is known to be problematic.  See https://v8.dev/blog/math-random for details.
npm WARN deprecated uuid@3.4.0: Please upgrade  to version 7 or higher.  Older versions may use Math.random() in certain circumstances, which is known to be problematic.  See https://v8.dev/blog/math-random for details.
npm WARN deprecated request@2.88.2: request has been deprecated, see https://github.com/request/request/issues/3142

added 405 packages, and audited 705 packages in 2m

121 packages are looking for funding
  run `npm fund` for details

8 vulnerabilities (5 high, 3 critical)

To address all issues, run:
  npm audit fix

Run `npm audit` for details.

D:\web3\web3_learn\learn-web3.dao.io\sophomore\Whitelist-Dapp\hardhat-tutorial>

D:\web3\web3_learn\learn-web3.dao.io\sophomore\Whitelist-Dapp\hardhat-tutorial>npm audit fix

up to date, audited 705 packages in 4s

121 packages are looking for funding
  run `npm fund` for details

# npm audit report

flat  <5.0.1
Severity: critical
flat vulnerable to Prototype Pollution - https://github.com/advisories/GHSA-2j2x-2gpw-g8fm
fix available via `npm audit fix --force`
Will install @nomicfoundation/hardhat-toolbox@1.0.2, which is a breaking change
node_modules/eth-gas-reporter/node_modules/flat
node_modules/solidity-coverage/node_modules/flat
  yargs-unparser  <=1.6.3
  Depends on vulnerable versions of flat
  node_modules/eth-gas-reporter/node_modules/yargs-unparser
  node_modules/solidity-coverage/node_modules/yargs-unparser
    mocha  5.1.0 - 9.2.1
    Depends on vulnerable versions of minimatch
    Depends on vulnerable versions of yargs-unparser
    node_modules/eth-gas-reporter/node_modules/mocha
    node_modules/solidity-coverage/node_modules/mocha
      eth-gas-reporter  >=0.2.1
      Depends on vulnerable versions of mocha
      node_modules/eth-gas-reporter
        hardhat-gas-reporter  *
        Depends on vulnerable versions of eth-gas-reporter
        node_modules/hardhat-gas-reporter
          @nomicfoundation/hardhat-toolbox  *
          Depends on vulnerable versions of hardhat-gas-reporter
          Depends on vulnerable versions of solidity-coverage
          node_modules/@nomicfoundation/hardhat-toolbox
      solidity-coverage  >=0.8.0-beta.0
      Depends on vulnerable versions of mocha
      node_modules/solidity-coverage

minimatch  <3.0.5
Severity: high
minimatch ReDoS vulnerability - https://github.com/advisories/GHSA-f8q6-p94x-37v3
fix available via `npm audit fix --force`
Will install @nomicfoundation/hardhat-toolbox@1.0.2, which is a breaking change
node_modules/eth-gas-reporter/node_modules/minimatch
node_modules/solidity-coverage/node_modules/minimatch

8 vulnerabilities (5 high, 3 critical)

To address all issues (including breaking changes), run:
  npm audit fix --force

D:\web3\web3_learn\learn-web3.dao.io\sophomore\Whitelist-Dapp\hardhat-tutorial>

D:\web3\web3_learn\learn-web3.dao.io\sophomore\Whitelist-Dapp\hardhat-tutorial>npm audit fix --force
npm WARN using --force Recommended protections disabled.
npm WARN audit Updating @nomicfoundation/hardhat-toolbox to 1.0.2, which is a SemVer major change.
npm WARN deprecated mkdirp-promise@5.0.1: This package is broken and no longer maintained. 'mkdirp' itself supports promises now, please switch to that.
npm WARN deprecated multicodec@1.0.4: This module has been superseded by the multiformats module
npm WARN deprecated uuid@2.0.1: Please upgrade  to version 7 or higher.  Older versions may use Math.random() in certain circumstances, which is known to be problematic.  See https://v8.dev/blog/math-random for details.
npm WARN deprecated multibase@0.7.0: This module has been superseded by the multiformats module
npm WARN deprecated multibase@0.6.1: This module has been superseded by the multiformats module
npm WARN deprecated uuid@3.3.2: Please upgrade  to version 7 or higher.  Older versions may use Math.random() in certain circumstances, which is known to be problematic.  See https://v8.dev/blog/math-random for details.
npm WARN deprecated multicodec@0.5.7: This module has been superseded by the multiformats module
npm WARN deprecated cids@0.7.5: This module has been superseded by the multiformats module

added 320 packages, removed 37 packages, changed 3 packages, and audited 988 packages in 2m

136 packages are looking for funding
  run `npm fund` for details

# npm audit report

flat  <5.0.1
Severity: critical
flat vulnerable to Prototype Pollution - https://github.com/advisories/GHSA-2j2x-2gpw-g8fm
No fix available
node_modules/eth-gas-reporter/node_modules/flat
  yargs-unparser  <=1.6.3
  Depends on vulnerable versions of flat
  node_modules/eth-gas-reporter/node_modules/yargs-unparser
    mocha  5.1.0 - 9.2.1
    Depends on vulnerable versions of minimatch
    Depends on vulnerable versions of yargs-unparser
    node_modules/eth-gas-reporter/node_modules/mocha
      eth-gas-reporter  >=0.2.1
      Depends on vulnerable versions of mocha
      node_modules/eth-gas-reporter
        hardhat-gas-reporter  *
        Depends on vulnerable versions of eth-gas-reporter
        node_modules/hardhat-gas-reporter
          @nomicfoundation/hardhat-toolbox  *
          Depends on vulnerable versions of hardhat-gas-reporter
          Depends on vulnerable versions of solidity-coverage
          node_modules/@nomicfoundation/hardhat-toolbox

got  <11.8.5
Severity: moderate
Got allows a redirect to a UNIX socket - https://github.com/advisories/GHSA-pfrx-2q88-qq97
No fix available
node_modules/got
  web3-bzz  <=1.7.4
  Depends on vulnerable versions of got
  node_modules/web3-bzz
    web3  1.0.0-beta.1 - 1.7.4 || 2.0.0-alpha - 3.0.0-rc.0
    Depends on vulnerable versions of web3-bzz
    node_modules/web3
      @truffle/provider  <=0.3.0
      Depends on vulnerable versions of web3
      node_modules/@truffle/provider
        solidity-coverage  0.7.0-beta.0 - 0.8.0-rc.test.0
        Depends on vulnerable versions of @truffle/provider
        node_modules/solidity-coverage

minimatch  <3.0.5
Severity: high
minimatch ReDoS vulnerability - https://github.com/advisories/GHSA-f8q6-p94x-37v3
No fix available
node_modules/eth-gas-reporter/node_modules/minimatch

12 vulnerabilities (5 moderate, 4 high, 3 critical)

Some issues need review, and may require choosing
a different dependency.

D:\web3\web3_learn\learn-web3.dao.io\sophomore\Whitelist-Dapp\hardhat-tutorial>cls


D:\web3\web3_learn\learn-web3.dao.io\sophomore\Whitelist-Dapp\hardhat-tutorial>npm fund
hardhat-tutorial@1.0.0
+-- https://gitcoin.co/grants/13/ethersjs-complete-simple-and-tiny-2
|   `-- @ethersproject/abi@5.7.0, @ethersproject/address@5.7.0, @ethersproject/rlp@5.7.0, @ethersproject/bignumber@5.7.0, @ethersproject/bytes@5.7.0, @ethersproject/constants@5.7.0, @ethersproject/hash@5.7.0, @ethersproject/abstract-signer@5.7.0, @ethersproject/abstract-provider@5.7.0, @ethersproject/networks@5.7.1, @ethersproject/transactions@5.7.0, @ethersproject/signing-key@5.7.0, @ethersproject/web@5.7.1, @ethersproject/base64@5.7.0, @ethersproject/keccak256@5.7.0, @ethersproject/logger@5.7.0, @ethersproject/properties@5.7.0, @ethersproject/strings@5.7.0, @ethersproject/providers@5.7.2, @ethersproject/basex@5.7.0, @ethersproject/random@5.7.0, @ethersproject/sha2@5.7.0, ethers@5.7.2, @ethersproject/contracts@5.7.0, @ethersproject/hdnode@5.7.0, @ethersproject/json-wallets@5.7.0, @ethersproject/pbkdf2@5.7.0, @ethersproject/solidity@5.7.0, @ethersproject/units@5.7.0, @ethersproject/wallet@5.7.0, @ethersproject/wordlists@5.7.0
+-- https://github.com/sponsors/feross
|   `-- safe-buffer@5.2.1, buffer@6.0.3, simple-concat@1.0.1, run-parallel@1.2.0, queue-microtask@1.2.3, run-parallel-limit@1.1.0
+-- https://github.com/sponsors/epoberezkin
|   `-- ajv@6.12.6
+-- https://github.com/chalk/slice-ansi?sponsor=1
| | `-- slice-ansi@4.0.0
| `-- https://github.com/chalk/ansi-styles?sponsor=1
|     `-- ansi-styles@4.3.0
+-- https://opencollective.com/mochajs
| | `-- mocha@10.2.0
| +-- https://github.com/sponsors/sindresorhus
| |   `-- escape-string-regexp@4.0.0, find-up@5.0.0, locate-path@6.0.0, p-locate@5.0.0, p-limit@3.1.0, yocto-queue@0.1.0, log-symbols@4.1.0, is-unicode-supported@0.1.0, strip-json-comments@3.1.1, camelcase@6.3.0, decamelize@4.0.0, ansi-escapes@4.3.2, type-fest@0.21.3, p-map@4.0.0
| +-- https://github.com/chalk/supports-color?sponsor=1
| |   `-- supports-color@8.1.1
| `-- https://github.com/chalk/wrap-ansi?sponsor=1
|     `-- wrap-ansi@7.0.0
+-- https://paulmillr.com/funding/
|   `-- @noble/hashes@1.2.0, @noble/secp256k1@1.7.1, @scure/bip32@1.1.5, @scure/base@1.1.1, @scure/bip39@1.1.1, chokidar@3.5.3
+-- https://github.com/sponsors/ljharb
|   `-- qs@6.11.0, is-arguments@1.1.1, is-generator-function@1.0.10, resolve@1.17.0
+-- https://github.com/sindresorhus/got?sponsor=1
|   `-- got@11.8.6
+-- https://github.com/sponsors/isaacs
|   `-- glob@7.1.7
+-- https://github.com/prettier/prettier?sponsor=1
|   `-- prettier@2.8.4
+-- https://github.com/chalk/chalk?sponsor=1
|   `-- chalk@4.1.2
+-- https://opencollective.com/level
|   `-- level@8.0.0
`-- https://github.com/sponsors/RubenVerborgh
    `-- follow-redirects@1.15.2


D:\web3\web3_learn\learn-web3.dao.io\sophomore\Whitelist-Dapp\hardhat-tutorial>cls


D:\web3\web3_learn\learn-web3.dao.io\sophomore\Whitelist-Dapp\hardhat-tutorial>npx hardhat
888    888                      888 888               888
888    888                      888 888               888
888    888                      888 888               888
8888888888  8888b.  888d888 .d88888 88888b.   8888b.  888888
888    888     "88b 888P"  d88" 888 888 "88b     "88b 888
888    888 .d888888 888    888  888 888  888 .d888888 888
888    888 888  888 888    Y88b 888 888  888 888  888 Y88b.
888    888 "Y888888 888     "Y88888 888  888 "Y888888  "Y888

Welcome to Hardhat v2.12.7

√ What do you want to do? · Create a JavaScript project
√ Hardhat project root: · D:\web3\web3_learn\learn-web3.dao.io\sophomore\Whitelist-Dapp\hardhat-tutorial
√ Do you want to add a .gitignore? (Y/n) · y

You need to install these dependencies to run the sample project:
  npm install --save-dev "hardhat@^2.12.7" "@nomicfoundation/hardhat-toolbox@^2.0.0"

Project created

See the README.md file for some example tasks you can run

Give Hardhat a star on Github if you're enjoying it!

     https://github.com/NomicFoundation/hardhat

D:\web3\web3_learn\learn-web3.dao.io\sophomore\Whitelist-Dapp\hardhat-tutorial>npm install --save-dev "hardhat@^2.12.7" "@nomicfoundation/hardhat-toolbox@^2.0.0"
npm WARN deprecated debug@3.2.6: Debug versions >=3.2.0 <3.2.7 || >=4 <4.3.1 have a low-severity ReDos regression when used in a Node.js environment. It is recommended you upgrade to 3.2.7 or 4.3.1. (https://github.com/visionmedia/debug/issues/797)

added 37 packages, removed 318 packages, changed 2 packages, and audited 707 packages in 51s

121 packages are looking for funding
  run `npm fund` for details

8 vulnerabilities (5 high, 3 critical)

To address all issues (including breaking changes), run:
  npm audit fix --force

Run `npm audit` for details.

D:\web3\web3_learn\learn-web3.dao.io\sophomore\Whitelist-Dapp\hardhat-tutorial>

D:\web3\web3_learn\learn-web3.dao.io\sophomore\Whitelist-Dapp\hardhat-tutorial>npm audit fix --force
npm WARN using --force Recommended protections disabled.
npm WARN audit Updating @nomicfoundation/hardhat-toolbox to 1.0.2, which is a SemVer major change.
npm WARN deprecated mkdirp-promise@5.0.1: This package is broken and no longer maintained. 'mkdirp' itself supports promises now, please switch to that.
npm WARN deprecated multicodec@1.0.4: This module has been superseded by the multiformats module
npm WARN deprecated uuid@2.0.1: Please upgrade  to version 7 or higher.  Older versions may use Math.random() in certain circumstances, which is known to be problematic.  See https://v8.dev/blog/math-random for details.
npm WARN deprecated multibase@0.7.0: This module has been superseded by the multiformats module
npm WARN deprecated multibase@0.6.1: This module has been superseded by the multiformats module
npm WARN deprecated uuid@3.3.2: Please upgrade  to version 7 or higher.  Older versions may use Math.random() in certain circumstances, which is known to be problematic.  See https://v8.dev/blog/math-random for details.
npm WARN deprecated multicodec@0.5.7: This module has been superseded by the multiformats module
npm WARN deprecated cids@0.7.5: This module has been superseded by the multiformats module

added 318 packages, removed 37 packages, changed 2 packages, and audited 988 packages in 1m

136 packages are looking for funding
  run `npm fund` for details

# npm audit report

flat  <5.0.1
Severity: critical
flat vulnerable to Prototype Pollution - https://github.com/advisories/GHSA-2j2x-2gpw-g8fm
No fix available
node_modules/eth-gas-reporter/node_modules/flat
  yargs-unparser  <=1.6.3
  Depends on vulnerable versions of flat
  node_modules/eth-gas-reporter/node_modules/yargs-unparser
    mocha  5.1.0 - 9.2.1
    Depends on vulnerable versions of minimatch
    Depends on vulnerable versions of yargs-unparser
    node_modules/eth-gas-reporter/node_modules/mocha
      eth-gas-reporter  >=0.2.1
      Depends on vulnerable versions of mocha
      node_modules/eth-gas-reporter
        hardhat-gas-reporter  *
        Depends on vulnerable versions of eth-gas-reporter
        node_modules/hardhat-gas-reporter
          @nomicfoundation/hardhat-toolbox  *
          Depends on vulnerable versions of hardhat-gas-reporter
          Depends on vulnerable versions of solidity-coverage
          node_modules/@nomicfoundation/hardhat-toolbox

got  <11.8.5
Severity: moderate
Got allows a redirect to a UNIX socket - https://github.com/advisories/GHSA-pfrx-2q88-qq97
No fix available
node_modules/got
  web3-bzz  <=1.7.4
  Depends on vulnerable versions of got
  node_modules/web3-bzz
    web3  1.0.0-beta.1 - 1.7.4 || 2.0.0-alpha - 3.0.0-rc.0
    Depends on vulnerable versions of web3-bzz
    node_modules/web3
      @truffle/provider  <=0.3.0
      Depends on vulnerable versions of web3
      node_modules/@truffle/provider
        solidity-coverage  0.7.0-beta.0 - 0.8.0-rc.test.0
        Depends on vulnerable versions of @truffle/provider
        node_modules/solidity-coverage

minimatch  <3.0.5
Severity: high
minimatch ReDoS vulnerability - https://github.com/advisories/GHSA-f8q6-p94x-37v3
No fix available
node_modules/eth-gas-reporter/node_modules/minimatch

12 vulnerabilities (5 moderate, 4 high, 3 critical)

Some issues need review, and may require choosing
a different dependency.

D:\web3\web3_learn\learn-web3.dao.io\sophomore\Whitelist-Dapp\hardhat-tutorial>
D:\web3\web3_learn\learn-web3.dao.io\sophomore\Whitelist-Dapp\hardhat-tutorial>cls



D:\web3\web3_learn\learn-web3.dao.io\sophomore\Whitelist-Dapp\hardhat-tutorial>npm install dotenv

added 1 package, and audited 989 packages in 15s

136 packages are looking for funding
  run `npm fund` for details

12 vulnerabilities (5 moderate, 4 high, 3 critical)

Some issues need review, and may require choosing
a different dependency.

Run `npm audit` for details.

D:\web3\web3_learn\learn-web3.dao.io\sophomore\Whitelist-Dapp\hardhat-tutorial>npm audit
# npm audit report

flat  <5.0.1
Severity: critical
flat vulnerable to Prototype Pollution - https://github.com/advisories/GHSA-2j2x-2gpw-g8fm
No fix available
node_modules/eth-gas-reporter/node_modules/flat
  yargs-unparser  <=1.6.3
  Depends on vulnerable versions of flat
  node_modules/eth-gas-reporter/node_modules/yargs-unparser
    mocha  5.1.0 - 9.2.1
    Depends on vulnerable versions of minimatch
    Depends on vulnerable versions of yargs-unparser
    node_modules/eth-gas-reporter/node_modules/mocha
      eth-gas-reporter  >=0.2.1
      Depends on vulnerable versions of mocha
      node_modules/eth-gas-reporter
        hardhat-gas-reporter  *
        Depends on vulnerable versions of eth-gas-reporter
        node_modules/hardhat-gas-reporter
          @nomicfoundation/hardhat-toolbox  *
          Depends on vulnerable versions of hardhat-gas-reporter
          Depends on vulnerable versions of solidity-coverage
          node_modules/@nomicfoundation/hardhat-toolbox

got  <11.8.5
Severity: moderate
Got allows a redirect to a UNIX socket - https://github.com/advisories/GHSA-pfrx-2q88-qq97
No fix available
node_modules/got
  web3-bzz  <=1.7.4
  Depends on vulnerable versions of got
  node_modules/web3-bzz
    web3  1.0.0-beta.1 - 1.7.4 || 2.0.0-alpha - 3.0.0-rc.0
    Depends on vulnerable versions of web3-bzz
    node_modules/web3
      @truffle/provider  <=0.3.0
      Depends on vulnerable versions of web3
      node_modules/@truffle/provider
        solidity-coverage  0.7.0-beta.0 - 0.8.0-rc.test.0
        Depends on vulnerable versions of @truffle/provider
        node_modules/solidity-coverage

minimatch  <3.0.5
Severity: high
minimatch ReDoS vulnerability - https://github.com/advisories/GHSA-f8q6-p94x-37v3
No fix available
node_modules/eth-gas-reporter/node_modules/minimatch

12 vulnerabilities (5 moderate, 4 high, 3 critical)

Some issues need review, and may require choosing
a different dependency.

D:\web3\web3_learn\learn-web3.dao.io\sophomore\Whitelist-Dapp\hardhat-tutorial>
















D:\web3\web3_learn\learn-web3.dao.io\sophomore\Whitelist-Dapp\hardhat-tutorial>npx hardhat compile
Compiled 2 Solidity files successfully

D:\web3\web3_learn\learn-web3.dao.io\sophomore\Whitelist-Dapp\hardhat-tutorial>npx hardhat run scripts/deploy.js --network goerli
Whitelist Contract Address: 0x311E94c8b84df2D66175ff2fA893d361D42f556E




















D:\web3\web3_learn\learn-web3.dao.io\sophomore\Whitelist-Dapp\hardhat-tutorial>cd ..















D:\web3\web3_learn\learn-web3.dao.io\sophomore\Whitelist-Dapp>npx create-next-app@latest
Need to install the following packages:
  create-next-app@13.1.6
Ok to proceed? (y)
√ What is your project named? ... my-app
√ Would you like to use TypeScript with this project? ... No / Yes
√ Would you like to use ESLint with this project? ... No / Yes
√ Would you like to use `src/` directory with this project? ... No / Yes
√ Would you like to use experimental `app/` directory with this project? ... No / Yes
√ What import alias would you like configured? ... @/*
Creating a new Next.js app in D:\web3\web3_learn\learn-web3.dao.io\sophomore\Whitelist-Dapp\my-app.

Using npm.

Installing dependencies:
- react
- react-dom
- next
- @next/font


added 18 packages, and audited 19 packages in 30s

2 packages are looking for funding
  run `npm fund` for details

found 0 vulnerabilities

Initializing project with template: default

Success! Created my-app at D:\web3\web3_learn\learn-web3.dao.io\sophomore\Whitelist-Dapp\my-app


D:\web3\web3_learn\learn-web3.dao.io\sophomore\Whitelist-Dapp>cd my-app

D:\web3\web3_learn\learn-web3.dao.io\sophomore\Whitelist-Dapp\my-app>npm run dev

> my-app@0.1.0 dev
> next dev

ready - started server on 0.0.0.0:3000, url: http://localhost:3000
event - compiled client and server successfully in 3.8s (165 modules)
Attention: Next.js now collects completely anonymous telemetry regarding usage.
This information is used to shape Next.js' roadmap and prioritize features.
You can learn more, including how to opt-out if you'd not like to participate in this anonymous program, by visiting the following URL:
https://nextjs.org/telemetry

wait  - compiling / (client and server)...
event - compiled client and server successfully in 2s (194 modules)
wait  - compiling...
event - compiled client and server successfully in 390 ms (194 modules)
wait  - compiling...
event - compiled client and server successfully in 248 ms (194 modules)
wait  - compiling...
event - compiled client and server successfully in 477 ms (194 modules)
wait  - compiling...
error - ./pages/index.js:6:0
Module not found: Can't resolve '../constants'
  4 | import { providers, Contract } from "ethers";
  5 | import { useEffect, useRef, useState } from "react";
> 6 | import { WHITELIST_CONTRACT_ADDRESS, abi } from "../constants";
  7 |
  8 | export default function Home() {
  9 |   // walletConnected keep track of whether the user's wallet is connected or not

https://nextjs.org/docs/messages/module-not-found



















































PS D:\web3\web3_learn\learn-web3.dao.io\sophomore\Whitelist-Dapp\my-app> npm install web3modal

added 58 packages, and audited 77 packages in 16s

5 packages are looking for funding
  run `npm fund` for details

found 0 vulnerabilities
PS D:\web3\web3_learn\learn-web3.dao.io\sophomore\Whitelist-Dapp\my-app> npm install ethers@5

added 45 packages, and audited 122 packages in 15s

36 packages are looking for funding
  run `npm fund` for details

found 0 vulnerabilities
PS D:\web3\web3_learn\learn-web3.dao.io\sophomore\Whitelist-Dapp\my-app>
