Microsoft Windows [Version 10.0.22621.1105]
(c) Microsoft Corporation. All rights reserved.

D:\web3\web3_learn\learn-web3.dao.io\sophomore\NFT-Collection>mkdir hardhat-tutorial

D:\web3\web3_learn\learn-web3.dao.io\sophomore\NFT-Collection>cd hardhat-tutorial

D:\web3\web3_learn\learn-web3.dao.io\sophomore\NFT-Collection\hardhat-tutorial>npm init --yes
Wrote to D:\web3\web3_learn\learn-web3.dao.io\sophomore\NFT-Collection\hardhat-tutorial\package.json:

{
  "name": "hardhat-tutorial",
  "version": "1.0.0",
  "description": "",
  "main": "index.js",
  "scripts": {
    "test": "echo \"Error: no test specified\" && exit 1"
  },
  "keywords": [],
  "author": "",
  "license": "ISC"
}



D:\web3\web3_learn\learn-web3.dao.io\sophomore\NFT-Collection\hardhat-tutorial>npm install --save-dev hardhat

added 299 packages, and audited 300 packages in 1m

61 packages are looking for funding
  run `npm fund` for details

found 0 vulnerabilities

D:\web3\web3_learn\learn-web3.dao.io\sophomore\NFT-Collection\hardhat-tutorial>npm install --save-dev @nomicfoundation/hardhat-toolbox
npm WARN deprecated request-promise-native@1.0.9: request-promise-native has been deprecated because it extends the now deprecated request package, see https://github.com/request/request/issues/3142
npm WARN deprecated har-validator@5.1.5: this library is no longer supported
npm WARN deprecated debug@3.2.6: Debug versions >=3.2.0 <3.2.7 || >=4 <4.3.1 have a low-severity ReDos regression when used in a Node.js environment. It is recommended you upgrade to 3.2.7 or 4.3.1. (https://github.com/visionmedia/debug/issues/797)
npm WARN deprecated debug@3.2.6: Debug versions >=3.2.0 <3.2.7 || >=4 <4.3.1 have a low-severity ReDos regression when used in a Node.js environment. It is recommended you upgrade to 3.2.7 or 4.3.1. (https://github.com/visionmedia/debug/issues/797)
npm WARN deprecated uuid@2.0.1: Please upgrade  to version 7 or higher.  Older versions may use Math.random() in certain circumstances, which is known to be problematic.  See https://v8.dev/blog/math-random for details.
npm WARN deprecated uuid@3.4.0: Please upgrade  to version 7 or higher.  Older versions may use Math.random() in certain circumstances, which is known to be problematic.  See https://v8.dev/blog/math-random for details.
npm WARN deprecated request@2.88.2: request has been deprecated, see https://github.com/request/request/issues/3142

added 405 packages, and audited 705 packages in 1m

121 packages are looking for funding
  run `npm fund` for details

8 vulnerabilities (5 high, 3 critical)

To address all issues, run:
  npm audit fix

Run `npm audit` for details.

D:\web3\web3_learn\learn-web3.dao.io\sophomore\NFT-Collection\hardhat-tutorial>npm audit fix

up to date, audited 705 packages in 4s

121 packages are looking for funding
  run `npm fund` for details

# npm audit report

flat  <5.0.1
Severity: critical
flat vulnerable to Prototype Pollution - https://github.com/advisories/GHSA-2j2x-2gpw-g8fm
fix available via `npm audit fix --force`
Will install @nomicfoundation/hardhat-toolbox@1.0.2, which is a breaking change
node_modules/eth-gas-reporter/node_modules/flat
node_modules/solidity-coverage/node_modules/flat
  yargs-unparser  <=1.6.3
  Depends on vulnerable versions of flat
  node_modules/eth-gas-reporter/node_modules/yargs-unparser
  node_modules/solidity-coverage/node_modules/yargs-unparser
    mocha  5.1.0 - 9.2.1
    Depends on vulnerable versions of minimatch
    Depends on vulnerable versions of yargs-unparser
    node_modules/eth-gas-reporter/node_modules/mocha
    node_modules/solidity-coverage/node_modules/mocha
      eth-gas-reporter  >=0.2.1
      Depends on vulnerable versions of mocha
      node_modules/eth-gas-reporter
        hardhat-gas-reporter  *
        Depends on vulnerable versions of eth-gas-reporter
        node_modules/hardhat-gas-reporter
          @nomicfoundation/hardhat-toolbox  *
          Depends on vulnerable versions of hardhat-gas-reporter
          Depends on vulnerable versions of solidity-coverage
          node_modules/@nomicfoundation/hardhat-toolbox
      solidity-coverage  >=0.8.0-beta.0
      Depends on vulnerable versions of mocha
      node_modules/solidity-coverage

minimatch  <3.0.5
Severity: high
minimatch ReDoS vulnerability - https://github.com/advisories/GHSA-f8q6-p94x-37v3
fix available via `npm audit fix --force`
Will install @nomicfoundation/hardhat-toolbox@1.0.2, which is a breaking change
node_modules/eth-gas-reporter/node_modules/minimatch
node_modules/solidity-coverage/node_modules/minimatch

8 vulnerabilities (5 high, 3 critical)

To address all issues (including breaking changes), run:
  npm audit fix --force

D:\web3\web3_learn\learn-web3.dao.io\sophomore\NFT-Collection\hardhat-tutorial>npm audit fix --force
npm WARN using --force Recommended protections disabled.
npm WARN audit Updating @nomicfoundation/hardhat-toolbox to 1.0.2, which is a SemVer major change.
npm WARN deprecated mkdirp-promise@5.0.1: This package is broken and no longer maintained. 'mkdirp' itself supports promises now, please switch to that.
npm WARN deprecated multicodec@1.0.4: This module has been superseded by the multiformats module
npm WARN deprecated uuid@2.0.1: Please upgrade  to version 7 or higher.  Older versions may use Math.random() in certain circumstances, which is known to be problematic.  See https://v8.dev/blog/math-random for details.
npm WARN deprecated multibase@0.6.1: This module has been superseded by the multiformats module
npm WARN deprecated multibase@0.7.0: This module has been superseded by the multiformats module
npm WARN deprecated uuid@3.3.2: Please upgrade  to version 7 or higher.  Older versions may use Math.random() in certain circumstances, which is known to be problematic.  See https://v8.dev/blog/math-random for details.
npm WARN deprecated multicodec@0.5.7: This module has been superseded by the multiformats module
npm WARN deprecated cids@0.7.5: This module has been superseded by the multiformats module

added 320 packages, removed 37 packages, changed 3 packages, and audited 988 packages in 1m

136 packages are looking for funding
  run `npm fund` for details

# npm audit report

cacheable-request  <10.2.7
Severity: high
cacheable-request depends on http-cache-semantics, which is vulnerable to Regular Expression Denial of Service - https://github.com/advisories/GHSA-8x6c-cv3v-vp6g
No fix available
node_modules/@truffle/interface-adapter/node_modules/cacheable-request
node_modules/cacheable-request
node_modules/swarm-js/node_modules/cacheable-request
  got  <=12.4.1
  Depends on vulnerable versions of cacheable-request
  node_modules/@truffle/interface-adapter/node_modules/got
  node_modules/got
  node_modules/swarm-js/node_modules/got
    swarm-js  >=0.1.42
    Depends on vulnerable versions of got
    node_modules/swarm-js
    web3-bzz  *
    Depends on vulnerable versions of got
    Depends on vulnerable versions of got
    node_modules/@truffle/interface-adapter/node_modules/web3-bzz
    node_modules/web3-bzz
      web3  1.0.0-beta.1 - 3.0.0-rc.0
      Depends on vulnerable versions of web3-bzz
      Depends on vulnerable versions of web3-bzz
      node_modules/@truffle/interface-adapter/node_modules/web3
      node_modules/web3
        @truffle/interface-adapter  *
        Depends on vulnerable versions of web3
        node_modules/@truffle/interface-adapter
          @truffle/provider  *
          Depends on vulnerable versions of @truffle/interface-adapter
          Depends on vulnerable versions of web3
          node_modules/@truffle/provider
            solidity-coverage  0.7.0-beta.0 - 0.8.0-rc.test.0
            Depends on vulnerable versions of @truffle/provider
            node_modules/solidity-coverage
              @nomicfoundation/hardhat-toolbox  *
              Depends on vulnerable versions of hardhat-gas-reporter
              Depends on vulnerable versions of solidity-coverage
              node_modules/@nomicfoundation/hardhat-toolbox

flat  <5.0.1
Severity: critical
flat vulnerable to Prototype Pollution - https://github.com/advisories/GHSA-2j2x-2gpw-g8fm
No fix available
node_modules/eth-gas-reporter/node_modules/flat
  yargs-unparser  <=1.6.3
  Depends on vulnerable versions of flat
  node_modules/eth-gas-reporter/node_modules/yargs-unparser
    mocha  5.1.0 - 9.2.1
    Depends on vulnerable versions of minimatch
    Depends on vulnerable versions of yargs-unparser
    node_modules/eth-gas-reporter/node_modules/mocha
      eth-gas-reporter  >=0.2.1
      Depends on vulnerable versions of mocha
      node_modules/eth-gas-reporter
        hardhat-gas-reporter  *
        Depends on vulnerable versions of eth-gas-reporter
        node_modules/hardhat-gas-reporter


minimatch  <3.0.5
Severity: high
minimatch ReDoS vulnerability - https://github.com/advisories/GHSA-f8q6-p94x-37v3
No fix available
node_modules/eth-gas-reporter/node_modules/minimatch

15 vulnerabilities (1 moderate, 11 high, 3 critical)

To address issues that do not require attention, run:
  npm audit fix

Some issues need review, and may require choosing
a different dependency.

D:\web3\web3_learn\learn-web3.dao.io\sophomore\NFT-Collection\hardhat-tutorial>


D:\web3\web3_learn\learn-web3.dao.io\sophomore\NFT-Collection\hardhat-tutorial>npx hardhat
888    888                      888 888               888
888    888                      888 888               888
888    888                      888 888               888
8888888888  8888b.  888d888 .d88888 88888b.   8888b.  888888
888    888     "88b 888P"  d88" 888 888 "88b     "88b 888
888    888 .d888888 888    888  888 888  888 .d888888 888
888    888 888  888 888    Y88b 888 888  888 888  888 Y88b.
888    888 "Y888888 888     "Y88888 888  888 "Y888888  "Y888

Welcome to Hardhat v2.12.7

√ What do you want to do? · Create a JavaScript project
√ Hardhat project root: · D:\web3\web3_learn\learn-web3.dao.io\sophomore\NFT-Collection\hardhat-tutorial
√ Do you want to add a .gitignore? (Y/n) · y

You need to install these dependencies to run the sample project:
  npm install --save-dev "hardhat@^2.12.7" "@nomicfoundation/hardhat-toolbox@^2.0.0"

Project created

See the README.md file for some example tasks you can run

Give Hardhat a star on Github if you're enjoying it!

     https://github.com/NomicFoundation/hardhat

D:\web3\web3_learn\learn-web3.dao.io\sophomore\NFT-Collection\hardhat-tutorial>

D:\web3\web3_learn\learn-web3.dao.io\sophomore\NFT-Collection\hardhat-tutorial>npm install @openzeppelin/contracts

added 1 package, and audited 989 packages in 21s

136 packages are looking for funding
  run `npm fund` for details

15 vulnerabilities (1 moderate, 11 high, 3 critical)

To address issues that do not require attention, run:
  npm audit fix

Some issues need review, and may require choosing
a different dependency.

Run `npm audit` for details.

D:\web3\web3_learn\learn-web3.dao.io\sophomore\NFT-Collection\hardhat-tutorial>npm audit fix --force
npm WARN using --force Recommended protections disabled.
npm WARN audit No fix available for @nomicfoundation/hardhat-toolbox@*

up to date, audited 989 packages in 27s

136 packages are looking for funding
  run `npm fund` for details

# npm audit report

cacheable-request  <10.2.7
Severity: high
cacheable-request depends on http-cache-semantics, which is vulnerable to Regular Expression Denial of Service - https://github.com/advisories/GHSA-8x6c-cv3v-vp6g
No fix available
node_modules/@truffle/interface-adapter/node_modules/cacheable-request
node_modules/cacheable-request
node_modules/swarm-js/node_modules/cacheable-request
  got  <=12.4.1
  Depends on vulnerable versions of cacheable-request
  node_modules/@truffle/interface-adapter/node_modules/got
  node_modules/got
  node_modules/swarm-js/node_modules/got
    swarm-js  >=0.1.42
    Depends on vulnerable versions of got
    node_modules/swarm-js
    web3-bzz  *
    Depends on vulnerable versions of got
    Depends on vulnerable versions of got
    node_modules/@truffle/interface-adapter/node_modules/web3-bzz
    node_modules/web3-bzz
      web3  1.0.0-beta.1 - 3.0.0-rc.0
      Depends on vulnerable versions of web3-bzz
      Depends on vulnerable versions of web3-bzz
      node_modules/@truffle/interface-adapter/node_modules/web3
      node_modules/web3
        @truffle/interface-adapter  *
        Depends on vulnerable versions of web3
        node_modules/@truffle/interface-adapter
          @truffle/provider  *
          Depends on vulnerable versions of @truffle/interface-adapter
          Depends on vulnerable versions of web3
          node_modules/@truffle/provider
            solidity-coverage  0.7.0-beta.0 - 0.8.0-rc.test.0
            Depends on vulnerable versions of @truffle/provider
            node_modules/solidity-coverage
              @nomicfoundation/hardhat-toolbox  *
              Depends on vulnerable versions of hardhat-gas-reporter
              Depends on vulnerable versions of solidity-coverage
              node_modules/@nomicfoundation/hardhat-toolbox

flat  <5.0.1
Severity: critical
flat vulnerable to Prototype Pollution - https://github.com/advisories/GHSA-2j2x-2gpw-g8fm
No fix available
node_modules/eth-gas-reporter/node_modules/flat
  yargs-unparser  <=1.6.3
  Depends on vulnerable versions of flat
  node_modules/eth-gas-reporter/node_modules/yargs-unparser
    mocha  5.1.0 - 9.2.1
    Depends on vulnerable versions of minimatch
    Depends on vulnerable versions of yargs-unparser
    node_modules/eth-gas-reporter/node_modules/mocha
      eth-gas-reporter  >=0.2.1
      Depends on vulnerable versions of mocha
      node_modules/eth-gas-reporter
        hardhat-gas-reporter  *
        Depends on vulnerable versions of eth-gas-reporter
        node_modules/hardhat-gas-reporter


minimatch  <3.0.5
Severity: high
minimatch ReDoS vulnerability - https://github.com/advisories/GHSA-f8q6-p94x-37v3
No fix available
node_modules/eth-gas-reporter/node_modules/minimatch

15 vulnerabilities (1 moderate, 11 high, 3 critical)

To address issues that do not require attention, run:
  npm audit fix

Some issues need review, and may require choosing
a different dependency.

D:\web3\web3_learn\learn-web3.dao.io\sophomore\NFT-Collection\hardhat-tutorial>npm audit fix

up to date, audited 989 packages in 4s

136 packages are looking for funding
  run `npm fund` for details

# npm audit report

cacheable-request  <10.2.7
Severity: high
cacheable-request depends on http-cache-semantics, which is vulnerable to Regular Expression Denial of Service - https://github.com/advisories/GHSA-8x6c-cv3v-vp6g
No fix available
node_modules/@truffle/interface-adapter/node_modules/cacheable-request
node_modules/cacheable-request
node_modules/swarm-js/node_modules/cacheable-request
  got  <=12.4.1
  Depends on vulnerable versions of cacheable-request
  node_modules/@truffle/interface-adapter/node_modules/got
  node_modules/got
  node_modules/swarm-js/node_modules/got
    swarm-js  >=0.1.42
    Depends on vulnerable versions of got
    node_modules/swarm-js
    web3-bzz  *
    Depends on vulnerable versions of got
    Depends on vulnerable versions of got
    node_modules/@truffle/interface-adapter/node_modules/web3-bzz
    node_modules/web3-bzz
      web3  1.0.0-beta.1 - 3.0.0-rc.0
      Depends on vulnerable versions of web3-bzz
      Depends on vulnerable versions of web3-bzz
      node_modules/@truffle/interface-adapter/node_modules/web3
      node_modules/web3
        @truffle/interface-adapter  *
        Depends on vulnerable versions of web3
        node_modules/@truffle/interface-adapter
          @truffle/provider  *
          Depends on vulnerable versions of @truffle/interface-adapter
          Depends on vulnerable versions of web3
          node_modules/@truffle/provider
            solidity-coverage  0.7.0-beta.0 - 0.8.0-rc.test.0
            Depends on vulnerable versions of @truffle/provider
            node_modules/solidity-coverage
              @nomicfoundation/hardhat-toolbox  *
              Depends on vulnerable versions of hardhat-gas-reporter
              Depends on vulnerable versions of solidity-coverage
              node_modules/@nomicfoundation/hardhat-toolbox

flat  <5.0.1
Severity: critical
flat vulnerable to Prototype Pollution - https://github.com/advisories/GHSA-2j2x-2gpw-g8fm
No fix available
node_modules/eth-gas-reporter/node_modules/flat
  yargs-unparser  <=1.6.3
  Depends on vulnerable versions of flat
  node_modules/eth-gas-reporter/node_modules/yargs-unparser
    mocha  5.1.0 - 9.2.1
    Depends on vulnerable versions of minimatch
    Depends on vulnerable versions of yargs-unparser
    node_modules/eth-gas-reporter/node_modules/mocha
      eth-gas-reporter  >=0.2.1
      Depends on vulnerable versions of mocha
      node_modules/eth-gas-reporter
        hardhat-gas-reporter  *
        Depends on vulnerable versions of eth-gas-reporter
        node_modules/hardhat-gas-reporter


minimatch  <3.0.5
Severity: high
minimatch ReDoS vulnerability - https://github.com/advisories/GHSA-f8q6-p94x-37v3
No fix available
node_modules/eth-gas-reporter/node_modules/minimatch

15 vulnerabilities (1 moderate, 11 high, 3 critical)

To address issues that do not require attention, run:
  npm audit fix

Some issues need review, and may require choosing
a different dependency.

D:\web3\web3_learn\learn-web3.dao.io\sophomore\NFT-Collection\hardhat-tutorial>

D:\web3\web3_learn\learn-web3.dao.io\sophomore\NFT-Collection\hardhat-tutorial>npm install dotenv

added 1 package, and audited 990 packages in 14s

136 packages are looking for funding
  run `npm fund` for details

15 vulnerabilities (1 moderate, 11 high, 3 critical)

To address issues that do not require attention, run:
  npm audit fix

Some issues need review, and may require choosing
a different dependency.

Run `npm audit` for details.

D:\web3\web3_learn\learn-web3.dao.io\sophomore\NFT-Collection\hardhat-tutorial>npm audit fix

up to date, audited 990 packages in 12s

136 packages are looking for funding
  run `npm fund` for details

# npm audit report

cacheable-request  <10.2.7
Severity: high
cacheable-request depends on http-cache-semantics, which is vulnerable to Regular Expression Denial of Service - https://github.com/advisories/GHSA-8x6c-cv3v-vp6g
No fix available
node_modules/@truffle/interface-adapter/node_modules/cacheable-request
node_modules/cacheable-request
node_modules/swarm-js/node_modules/cacheable-request
  got  <=12.4.1
  Depends on vulnerable versions of cacheable-request
  node_modules/@truffle/interface-adapter/node_modules/got
  node_modules/got
  node_modules/swarm-js/node_modules/got
    swarm-js  >=0.1.42
    Depends on vulnerable versions of got
    node_modules/swarm-js
    web3-bzz  *
    Depends on vulnerable versions of got
    Depends on vulnerable versions of got
    node_modules/@truffle/interface-adapter/node_modules/web3-bzz
    node_modules/web3-bzz
      web3  1.0.0-beta.1 - 3.0.0-rc.0
      Depends on vulnerable versions of web3-bzz
      Depends on vulnerable versions of web3-bzz
      node_modules/@truffle/interface-adapter/node_modules/web3
      node_modules/web3
        @truffle/interface-adapter  *
        Depends on vulnerable versions of web3
        node_modules/@truffle/interface-adapter
          @truffle/provider  *
          Depends on vulnerable versions of @truffle/interface-adapter
          Depends on vulnerable versions of web3
          node_modules/@truffle/provider
            solidity-coverage  0.7.0-beta.0 - 0.8.0-rc.test.0
            Depends on vulnerable versions of @truffle/provider
            node_modules/solidity-coverage
              @nomicfoundation/hardhat-toolbox  *
              Depends on vulnerable versions of hardhat-gas-reporter
              Depends on vulnerable versions of solidity-coverage
              node_modules/@nomicfoundation/hardhat-toolbox

flat  <5.0.1
Severity: critical
flat vulnerable to Prototype Pollution - https://github.com/advisories/GHSA-2j2x-2gpw-g8fm
No fix available
node_modules/eth-gas-reporter/node_modules/flat
  yargs-unparser  <=1.6.3
  Depends on vulnerable versions of flat
  node_modules/eth-gas-reporter/node_modules/yargs-unparser
    mocha  5.1.0 - 9.2.1
    Depends on vulnerable versions of minimatch
    Depends on vulnerable versions of yargs-unparser
    node_modules/eth-gas-reporter/node_modules/mocha
      eth-gas-reporter  >=0.2.1
      Depends on vulnerable versions of mocha
      node_modules/eth-gas-reporter
        hardhat-gas-reporter  *
        Depends on vulnerable versions of eth-gas-reporter
        node_modules/hardhat-gas-reporter


minimatch  <3.0.5
Severity: high
minimatch ReDoS vulnerability - https://github.com/advisories/GHSA-f8q6-p94x-37v3
No fix available
node_modules/eth-gas-reporter/node_modules/minimatch

15 vulnerabilities (1 moderate, 11 high, 3 critical)

To address issues that do not require attention, run:
  npm audit fix

Some issues need review, and may require choosing
a different dependency.

D:\web3\web3_learn\learn-web3.dao.io\sophomore\NFT-Collection\hardhat-tutorial>



D:\web3\web3_learn\learn-web3.dao.io\sophomore\NFT-Collection\hardhat-tutorial>npx hardhat compile
Error HH606: The project cannot be compiled, see reasons below.

The Solidity version pragma statement in these files doesn't match any of the configured compilers in your config. Change the pragma or configure additional compiler versions in your hardhat config.

  * contracts/Lock.sol (^0.8.9)

To learn more, run the command again with --verbose

Read about compiler configuration at https://hardhat.org/config


For more info go to https://hardhat.org/HH606 or run Hardhat with --show-stack-traces

D:\web3\web3_learn\learn-web3.dao.io\sophomore\NFT-Collection\hardhat-tutorial>npx hardhat compile
Downloading compiler 0.8.4
Warning: Unnamed return variable can remain unassigned. Add an explicit return with value to all non-reverting code paths or name the variable.
   --> @openzeppelin/contracts/utils/Address.sol:200:30:
    |
200 |     ) internal view returns (bytes memory) {
    |                              ^^^^^^^^^^^^


Warning: Unnamed return variable can remain unassigned. Add an explicit return with value to all non-reverting code paths or name the variable.
   --> @openzeppelin/contracts/utils/Address.sol:223:30:
    |
223 |     ) internal pure returns (bytes memory) {
    |                              ^^^^^^^^^^^^


Compiled 16 Solidity files successfully

D:\web3\web3_learn\learn-web3.dao.io\sophomore\NFT-Collection\hardhat-tutorial>

D:\web3\web3_learn\learn-web3.dao.io\sophomore\NFT-Collection\hardhat-tutorial>npx hardhat compile
Nothing to compile

D:\web3\web3_learn\learn-web3.dao.io\sophomore\NFT-Collection\hardhat-tutorial>









































D:\web3\web3_learn\learn-web3.dao.io\sophomore\NFT-Collection\hardhat-tutorial>npx hardhat run scripts/deploy.js --network goerli
Crypto Devs Contract Address: 0x70184F89E4b9C2AD8C1FE3f97B8DDF54F104e296

D:\web3\web3_learn\learn-web3.dao.io\sophomore\NFT-Collection\hardhat-tutorial>















































D:\web3\web3_learn\learn-web3.dao.io\sophomore\NFT-Collection\hardhat-tutorial>cd ..

D:\web3\web3_learn\learn-web3.dao.io\sophomore\NFT-Collection>npx create-next-app@latest
√ What is your project named? ... my-app
√ Would you like to use TypeScript with this project? ... No / Yes
√ Would you like to use ESLint with this project? ... No / Yes
√ Would you like to use `src/` directory with this project? ... No / Yes
√ Would you like to use experimental `app/` directory with this project? ... No / Yes
√ What import alias would you like configured? ... @/*
Creating a new Next.js app in D:\web3\web3_learn\learn-web3.dao.io\sophomore\NFT-Collection\my-app.

Using npm.

Installing dependencies:
- react
- react-dom
- next
- @next/font


added 18 packages, and audited 19 packages in 32s

2 packages are looking for funding
  run `npm fund` for details

found 0 vulnerabilities

Initializing project with template: default

Success! Created my-app at D:\web3\web3_learn\learn-web3.dao.io\sophomore\NFT-Collection\my-app


D:\web3\web3_learn\learn-web3.dao.io\sophomore\NFT-Collection>
D:\web3\web3_learn\learn-web3.dao.io\sophomore\NFT-Collection>




D:\web3\web3_learn\learn-web3.dao.io\sophomore\NFT-Collection>
D:\web3\web3_learn\learn-web3.dao.io\sophomore\NFT-Collection>cd my-app

D:\web3\web3_learn\learn-web3.dao.io\sophomore\NFT-Collection\my-app>npm run dev

> my-app@0.1.0 dev
> next dev

ready - started server on 0.0.0.0:3000, url: http://localhost:3000
event - compiled client and server successfully in 3.3s (165 modules)
wait  - compiling / (client and server)...
event - compiled client and server successfully in 5.9s (194 modules)
Terminate batch job (Y/N)? y

D:\web3\web3_learn\learn-web3.dao.io\sophomore\NFT-Collection\my-app>npm install web3modal

added 58 packages, and audited 77 packages in 19s

5 packages are looking for funding
  run `npm fund` for details

found 0 vulnerabilities

D:\web3\web3_learn\learn-web3.dao.io\sophomore\NFT-Collection\my-app>npm install ethers@5

added 45 packages, and audited 122 packages in 18s

36 packages are looking for funding
  run `npm fund` for details

found 0 vulnerabilities

D:\web3\web3_learn\learn-web3.dao.io\sophomore\NFT-Collection\my-app>npm run dev

> my-app@0.1.0 dev
> next dev

ready - started server on 0.0.0.0:3000, url: http://localhost:3000
event - compiled client and server successfully in 785 ms (165 modules)
wait  - compiling / (client and server)...
event - compiled client and server successfully in 2.2s (322 modules)
Terminate batch job (Y/N)? y

D:\web3\web3_learn\learn-web3.dao.io\sophomore\NFT-Collection\my-app>

D:\web3\web3_learn\learn-web3.dao.io\sophomore\NFT-Collection\my-app>cd ../../

D:\web3\web3_learn\learn-web3.dao.io\sophomore>git status
On branch trunk
Your branch is up to date with 'origin/trunk'.

Untracked files:
  (use "git add <file>..." to include in what will be committed)
        NFT-Collection/

nothing added to commit but untracked files present (use "git add" to track)

D:\web3\web3_learn\learn-web3.dao.io\sophomore>

D:\web3\web3_learn\learn-web3.dao.io\sophomore>git add .
warning: LF will be replaced by CRLF in learn-web3.dao.io/sophomore/NFT-Collection/hardhat-tutorial/.gitignore.
The file will have its original line endings in your working directory
warning: LF will be replaced by CRLF in learn-web3.dao.io/sophomore/NFT-Collection/hardhat-tutorial/README.md.
The file will have its original line endings in your working directory
warning: LF will be replaced by CRLF in learn-web3.dao.io/sophomore/NFT-Collection/hardhat-tutorial/contracts/Lock.sol.
The file will have its original line endings in your working directory
warning: LF will be replaced by CRLF in learn-web3.dao.io/sophomore/NFT-Collection/hardhat-tutorial/hardhat.config.js.
The file will have its original line endings in your working directory
warning: LF will be replaced by CRLF in learn-web3.dao.io/sophomore/NFT-Collection/hardhat-tutorial/package-lock.json.
The file will have its original line endings in your working directory
warning: LF will be replaced by CRLF in learn-web3.dao.io/sophomore/NFT-Collection/hardhat-tutorial/package.json.
The file will have its original line endings in your working directory
warning: LF will be replaced by CRLF in learn-web3.dao.io/sophomore/NFT-Collection/hardhat-tutorial/scripts/deploy.js.
The file will have its original line endings in your working directory
warning: LF will be replaced by CRLF in learn-web3.dao.io/sophomore/NFT-Collection/hardhat-tutorial/test/Lock.js.
The file will have its original line endings in your working directory
warning: LF will be replaced by CRLF in learn-web3.dao.io/sophomore/NFT-Collection/my-app/.gitignore.
The file will have its original line endings in your working directory
warning: LF will be replaced by CRLF in learn-web3.dao.io/sophomore/NFT-Collection/my-app/README.md.
The file will have its original line endings in your working directory
warning: LF will be replaced by CRLF in learn-web3.dao.io/sophomore/NFT-Collection/my-app/jsconfig.json.
The file will have its original line endings in your working directory
warning: LF will be replaced by CRLF in learn-web3.dao.io/sophomore/NFT-Collection/my-app/next.config.js.
The file will have its original line endings in your working directory
warning: LF will be replaced by CRLF in learn-web3.dao.io/sophomore/NFT-Collection/my-app/package-lock.json.
The file will have its original line endings in your working directory
warning: LF will be replaced by CRLF in learn-web3.dao.io/sophomore/NFT-Collection/my-app/package.json.
The file will have its original line endings in your working directory
warning: LF will be replaced by CRLF in learn-web3.dao.io/sophomore/NFT-Collection/my-app/pages/_app.js.
The file will have its original line endings in your working directory
warning: LF will be replaced by CRLF in learn-web3.dao.io/sophomore/NFT-Collection/my-app/pages/_document.js.
The file will have its original line endings in your working directory
warning: LF will be replaced by CRLF in learn-web3.dao.io/sophomore/NFT-Collection/my-app/pages/api/hello.js.
The file will have its original line endings in your working directory
warning: LF will be replaced by CRLF in learn-web3.dao.io/sophomore/NFT-Collection/my-app/pages/index.js.
The file will have its original line endings in your working directory
warning: LF will be replaced by CRLF in learn-web3.dao.io/sophomore/NFT-Collection/my-app/styles/Home.module.css.
The file will have its original line endings in your working directory
warning: LF will be replaced by CRLF in learn-web3.dao.io/sophomore/NFT-Collection/my-app/styles/globals.css.
The file will have its original line endings in your working directory

D:\web3\web3_learn\learn-web3.dao.io\sophomore>git status
On branch trunk
Your branch is up to date with 'origin/trunk'.

Changes to be committed:
  (use "git restore --staged <file>..." to unstage)
        new file:   NFT-Collection/LearnWeb3DAO NFT-Collection main my-app-public_cryptodevs.zip
        new file:   NFT-Collection/Whitelist Contract address.txt
        new file:   NFT-Collection/hardhat-tutorial/.gitignore
        new file:   NFT-Collection/hardhat-tutorial/README.md
        new file:   NFT-Collection/hardhat-tutorial/constants/index.js
        new file:   NFT-Collection/hardhat-tutorial/contracts/CryptoDevs.sol
        new file:   NFT-Collection/hardhat-tutorial/contracts/IWhitelist.sol
        new file:   NFT-Collection/hardhat-tutorial/contracts/Lock.sol
        new file:   NFT-Collection/hardhat-tutorial/hardhat.config.js
        new file:   NFT-Collection/hardhat-tutorial/package-lock.json
        new file:   NFT-Collection/hardhat-tutorial/package.json
        new file:   NFT-Collection/hardhat-tutorial/scripts/deploy.js
        new file:   NFT-Collection/hardhat-tutorial/test/Lock.js
        new file:   NFT-Collection/my-app/.gitignore
        new file:   NFT-Collection/my-app/README.md
        new file:   NFT-Collection/my-app/constants/index.js
        new file:   NFT-Collection/my-app/jsconfig.json
        new file:   NFT-Collection/my-app/next.config.js
        new file:   NFT-Collection/my-app/package-lock.json
        new file:   NFT-Collection/my-app/package.json
        new file:   NFT-Collection/my-app/pages/_app.js
        new file:   NFT-Collection/my-app/pages/_document.js
        new file:   NFT-Collection/my-app/pages/api/hello.js
        new file:   NFT-Collection/my-app/pages/index.js
        new file:   NFT-Collection/my-app/public/cryptodevs/0.svg
        new file:   NFT-Collection/my-app/public/cryptodevs/1.svg
        new file:   NFT-Collection/my-app/public/cryptodevs/10.svg
        new file:   NFT-Collection/my-app/public/cryptodevs/11.svg
        new file:   NFT-Collection/my-app/public/cryptodevs/12.svg
        new file:   NFT-Collection/my-app/public/cryptodevs/13.svg
        new file:   NFT-Collection/my-app/public/cryptodevs/14.svg
        new file:   NFT-Collection/my-app/public/cryptodevs/15.svg
        new file:   NFT-Collection/my-app/public/cryptodevs/16.svg
        new file:   NFT-Collection/my-app/public/cryptodevs/17.svg
        new file:   NFT-Collection/my-app/public/cryptodevs/18.svg
        new file:   NFT-Collection/my-app/public/cryptodevs/19.svg
        new file:   NFT-Collection/my-app/public/cryptodevs/2.svg
        new file:   NFT-Collection/my-app/public/cryptodevs/3.svg
        new file:   NFT-Collection/my-app/public/cryptodevs/4.svg
        new file:   NFT-Collection/my-app/public/cryptodevs/5.svg
        new file:   NFT-Collection/my-app/public/cryptodevs/6.svg
        new file:   NFT-Collection/my-app/public/cryptodevs/7.svg
        new file:   NFT-Collection/my-app/public/cryptodevs/8.svg
        new file:   NFT-Collection/my-app/public/cryptodevs/9.svg
        new file:   NFT-Collection/my-app/public/favicon.ico
        new file:   NFT-Collection/my-app/public/next.svg
        new file:   NFT-Collection/my-app/public/thirteen.svg
        new file:   NFT-Collection/my-app/public/vercel.svg
        new file:   NFT-Collection/my-app/styles/Home.module.css
        new file:   NFT-Collection/my-app/styles/globals.css
        new file:   NFT-Collection/terminal-commands.txt


D:\web3\web3_learn\learn-web3.dao.io\sophomore>git commit -m
error: switch `m' requires a value

D:\web3\web3_learn\learn-web3.dao.io\sophomore>git status
On branch trunk
Your branch is up to date with 'origin/trunk'.

Changes to be committed:
  (use "git restore --staged <file>..." to unstage)
        new file:   NFT-Collection/LearnWeb3DAO NFT-Collection main my-app-public_cryptodevs.zip
        new file:   NFT-Collection/Whitelist Contract address.txt
        new file:   NFT-Collection/hardhat-tutorial/.gitignore
        new file:   NFT-Collection/hardhat-tutorial/README.md
        new file:   NFT-Collection/hardhat-tutorial/constants/index.js
        new file:   NFT-Collection/hardhat-tutorial/contracts/CryptoDevs.sol
        new file:   NFT-Collection/hardhat-tutorial/contracts/IWhitelist.sol
        new file:   NFT-Collection/hardhat-tutorial/contracts/Lock.sol
        new file:   NFT-Collection/hardhat-tutorial/hardhat.config.js
        new file:   NFT-Collection/hardhat-tutorial/package-lock.json
        new file:   NFT-Collection/hardhat-tutorial/package.json
        new file:   NFT-Collection/hardhat-tutorial/scripts/deploy.js
        new file:   NFT-Collection/hardhat-tutorial/test/Lock.js
        new file:   NFT-Collection/my-app/.gitignore
        new file:   NFT-Collection/my-app/README.md
        new file:   NFT-Collection/my-app/constants/index.js
        new file:   NFT-Collection/my-app/jsconfig.json
        new file:   NFT-Collection/my-app/next.config.js
        new file:   NFT-Collection/my-app/package-lock.json
        new file:   NFT-Collection/my-app/package.json
        new file:   NFT-Collection/my-app/pages/_app.js
        new file:   NFT-Collection/my-app/pages/_document.js
        new file:   NFT-Collection/my-app/pages/api/hello.js
        new file:   NFT-Collection/my-app/pages/index.js
        new file:   NFT-Collection/my-app/public/cryptodevs/0.svg
        new file:   NFT-Collection/my-app/public/cryptodevs/1.svg
        new file:   NFT-Collection/my-app/public/cryptodevs/10.svg
        new file:   NFT-Collection/my-app/public/cryptodevs/11.svg
        new file:   NFT-Collection/my-app/public/cryptodevs/12.svg
        new file:   NFT-Collection/my-app/public/cryptodevs/13.svg
        new file:   NFT-Collection/my-app/public/cryptodevs/14.svg
        new file:   NFT-Collection/my-app/public/cryptodevs/15.svg
        new file:   NFT-Collection/my-app/public/cryptodevs/16.svg
        new file:   NFT-Collection/my-app/public/cryptodevs/17.svg
        new file:   NFT-Collection/my-app/public/cryptodevs/18.svg
        new file:   NFT-Collection/my-app/public/cryptodevs/19.svg
        new file:   NFT-Collection/my-app/public/cryptodevs/2.svg
        new file:   NFT-Collection/my-app/public/cryptodevs/3.svg
        new file:   NFT-Collection/my-app/public/cryptodevs/4.svg
        new file:   NFT-Collection/my-app/public/cryptodevs/5.svg
        new file:   NFT-Collection/my-app/public/cryptodevs/6.svg
        new file:   NFT-Collection/my-app/public/cryptodevs/7.svg
        new file:   NFT-Collection/my-app/public/cryptodevs/8.svg
        new file:   NFT-Collection/my-app/public/cryptodevs/9.svg
        new file:   NFT-Collection/my-app/public/favicon.ico
        new file:   NFT-Collection/my-app/public/next.svg
        new file:   NFT-Collection/my-app/public/thirteen.svg
        new file:   NFT-Collection/my-app/public/vercel.svg
        new file:   NFT-Collection/my-app/styles/Home.module.css
        new file:   NFT-Collection/my-app/styles/globals.css
        new file:   NFT-Collection/terminal-commands.txt

Changes not staged for commit:
  (use "git add <file>..." to update what will be committed)
  (use "git restore <file>..." to discard changes in working directory)
        modified:   NFT-Collection/terminal-commands.txt


D:\web3\web3_learn\learn-web3.dao.io\sophomore>git add .

D:\web3\web3_learn\learn-web3.dao.io\sophomore>git status
On branch trunk
Your branch is up to date with 'origin/trunk'.

Changes to be committed:
  (use "git restore --staged <file>..." to unstage)
        new file:   NFT-Collection/LearnWeb3DAO NFT-Collection main my-app-public_cryptodevs.zip
        new file:   NFT-Collection/Whitelist Contract address.txt
        new file:   NFT-Collection/hardhat-tutorial/.gitignore
        new file:   NFT-Collection/hardhat-tutorial/README.md
        new file:   NFT-Collection/hardhat-tutorial/constants/index.js
        new file:   NFT-Collection/hardhat-tutorial/contracts/CryptoDevs.sol
        new file:   NFT-Collection/hardhat-tutorial/contracts/IWhitelist.sol
        new file:   NFT-Collection/hardhat-tutorial/contracts/Lock.sol
        new file:   NFT-Collection/hardhat-tutorial/hardhat.config.js
        new file:   NFT-Collection/hardhat-tutorial/package-lock.json
        new file:   NFT-Collection/hardhat-tutorial/package.json
        new file:   NFT-Collection/hardhat-tutorial/scripts/deploy.js
        new file:   NFT-Collection/hardhat-tutorial/test/Lock.js
        new file:   NFT-Collection/my-app/.gitignore
        new file:   NFT-Collection/my-app/README.md
        new file:   NFT-Collection/my-app/constants/index.js
        new file:   NFT-Collection/my-app/jsconfig.json
        new file:   NFT-Collection/my-app/next.config.js
        new file:   NFT-Collection/my-app/package-lock.json
        new file:   NFT-Collection/my-app/package.json
        new file:   NFT-Collection/my-app/pages/_app.js
        new file:   NFT-Collection/my-app/pages/_document.js
        new file:   NFT-Collection/my-app/pages/api/hello.js
        new file:   NFT-Collection/my-app/pages/index.js
        new file:   NFT-Collection/my-app/public/cryptodevs/0.svg
        new file:   NFT-Collection/my-app/public/cryptodevs/1.svg
        new file:   NFT-Collection/my-app/public/cryptodevs/10.svg
        new file:   NFT-Collection/my-app/public/cryptodevs/11.svg
        new file:   NFT-Collection/my-app/public/cryptodevs/12.svg
        new file:   NFT-Collection/my-app/public/cryptodevs/13.svg
        new file:   NFT-Collection/my-app/public/cryptodevs/14.svg
        new file:   NFT-Collection/my-app/public/cryptodevs/15.svg
        new file:   NFT-Collection/my-app/public/cryptodevs/16.svg
        new file:   NFT-Collection/my-app/public/cryptodevs/17.svg
        new file:   NFT-Collection/my-app/public/cryptodevs/18.svg
        new file:   NFT-Collection/my-app/public/cryptodevs/19.svg
        new file:   NFT-Collection/my-app/public/cryptodevs/2.svg
        new file:   NFT-Collection/my-app/public/cryptodevs/3.svg
        new file:   NFT-Collection/my-app/public/cryptodevs/4.svg
        new file:   NFT-Collection/my-app/public/cryptodevs/5.svg
        new file:   NFT-Collection/my-app/public/cryptodevs/6.svg
        new file:   NFT-Collection/my-app/public/cryptodevs/7.svg
        new file:   NFT-Collection/my-app/public/cryptodevs/8.svg
        new file:   NFT-Collection/my-app/public/cryptodevs/9.svg
        new file:   NFT-Collection/my-app/public/favicon.ico
        new file:   NFT-Collection/my-app/public/next.svg
        new file:   NFT-Collection/my-app/public/thirteen.svg
        new file:   NFT-Collection/my-app/public/vercel.svg
        new file:   NFT-Collection/my-app/styles/Home.module.css
        new file:   NFT-Collection/my-app/styles/globals.css
        new file:   NFT-Collection/terminal-commands.txt


D:\web3\web3_learn\learn-web3.dao.io\sophomore>git commit -m "nft-collection"
[trunk 33ae62b] nft-collection
 51 files changed, 17843 insertions(+)
 create mode 100644 learn-web3.dao.io/sophomore/NFT-Collection/LearnWeb3DAO NFT-Collection main my-app-public_cryptodevs.zip
 create mode 100644 learn-web3.dao.io/sophomore/NFT-Collection/Whitelist Contract address.txt
 create mode 100644 learn-web3.dao.io/sophomore/NFT-Collection/hardhat-tutorial/.gitignore
 create mode 100644 learn-web3.dao.io/sophomore/NFT-Collection/hardhat-tutorial/README.md
 create mode 100644 learn-web3.dao.io/sophomore/NFT-Collection/hardhat-tutorial/constants/index.js
 create mode 100644 learn-web3.dao.io/sophomore/NFT-Collection/hardhat-tutorial/contracts/CryptoDevs.sol
 create mode 100644 learn-web3.dao.io/sophomore/NFT-Collection/hardhat-tutorial/contracts/IWhitelist.sol
 create mode 100644 learn-web3.dao.io/sophomore/NFT-Collection/hardhat-tutorial/contracts/Lock.sol
 create mode 100644 learn-web3.dao.io/sophomore/NFT-Collection/hardhat-tutorial/hardhat.config.js
 create mode 100644 learn-web3.dao.io/sophomore/NFT-Collection/hardhat-tutorial/package-lock.json
 create mode 100644 learn-web3.dao.io/sophomore/NFT-Collection/hardhat-tutorial/package.json
 create mode 100644 learn-web3.dao.io/sophomore/NFT-Collection/hardhat-tutorial/scripts/deploy.js
 create mode 100644 learn-web3.dao.io/sophomore/NFT-Collection/hardhat-tutorial/test/Lock.js
 create mode 100644 learn-web3.dao.io/sophomore/NFT-Collection/my-app/.gitignore
 create mode 100644 learn-web3.dao.io/sophomore/NFT-Collection/my-app/README.md
 create mode 100644 learn-web3.dao.io/sophomore/NFT-Collection/my-app/constants/index.js
 create mode 100644 learn-web3.dao.io/sophomore/NFT-Collection/my-app/jsconfig.json
 create mode 100644 learn-web3.dao.io/sophomore/NFT-Collection/my-app/next.config.js
 create mode 100644 learn-web3.dao.io/sophomore/NFT-Collection/my-app/package-lock.json
 create mode 100644 learn-web3.dao.io/sophomore/NFT-Collection/my-app/package.json
 create mode 100644 learn-web3.dao.io/sophomore/NFT-Collection/my-app/pages/_app.js
 create mode 100644 learn-web3.dao.io/sophomore/NFT-Collection/my-app/pages/_document.js
 create mode 100644 learn-web3.dao.io/sophomore/NFT-Collection/my-app/pages/api/hello.js
 create mode 100644 learn-web3.dao.io/sophomore/NFT-Collection/my-app/pages/index.js
 create mode 100644 learn-web3.dao.io/sophomore/NFT-Collection/my-app/public/cryptodevs/0.svg
 create mode 100644 learn-web3.dao.io/sophomore/NFT-Collection/my-app/public/cryptodevs/1.svg
 create mode 100644 learn-web3.dao.io/sophomore/NFT-Collection/my-app/public/cryptodevs/10.svg
 create mode 100644 learn-web3.dao.io/sophomore/NFT-Collection/my-app/public/cryptodevs/11.svg
 create mode 100644 learn-web3.dao.io/sophomore/NFT-Collection/my-app/public/cryptodevs/12.svg
 create mode 100644 learn-web3.dao.io/sophomore/NFT-Collection/my-app/public/cryptodevs/13.svg
 create mode 100644 learn-web3.dao.io/sophomore/NFT-Collection/my-app/public/cryptodevs/14.svg
 create mode 100644 learn-web3.dao.io/sophomore/NFT-Collection/my-app/public/cryptodevs/15.svg
 create mode 100644 learn-web3.dao.io/sophomore/NFT-Collection/my-app/public/cryptodevs/16.svg
 create mode 100644 learn-web3.dao.io/sophomore/NFT-Collection/my-app/public/cryptodevs/17.svg
 create mode 100644 learn-web3.dao.io/sophomore/NFT-Collection/my-app/public/cryptodevs/18.svg
 create mode 100644 learn-web3.dao.io/sophomore/NFT-Collection/my-app/public/cryptodevs/19.svg
 create mode 100644 learn-web3.dao.io/sophomore/NFT-Collection/my-app/public/cryptodevs/2.svg
 create mode 100644 learn-web3.dao.io/sophomore/NFT-Collection/my-app/public/cryptodevs/3.svg
 create mode 100644 learn-web3.dao.io/sophomore/NFT-Collection/my-app/public/cryptodevs/4.svg
 create mode 100644 learn-web3.dao.io/sophomore/NFT-Collection/my-app/public/cryptodevs/5.svg
 create mode 100644 learn-web3.dao.io/sophomore/NFT-Collection/my-app/public/cryptodevs/6.svg
 create mode 100644 learn-web3.dao.io/sophomore/NFT-Collection/my-app/public/cryptodevs/7.svg
 create mode 100644 learn-web3.dao.io/sophomore/NFT-Collection/my-app/public/cryptodevs/8.svg
 create mode 100644 learn-web3.dao.io/sophomore/NFT-Collection/my-app/public/cryptodevs/9.svg
 create mode 100644 learn-web3.dao.io/sophomore/NFT-Collection/my-app/public/favicon.ico
 create mode 100644 learn-web3.dao.io/sophomore/NFT-Collection/my-app/public/next.svg
 create mode 100644 learn-web3.dao.io/sophomore/NFT-Collection/my-app/public/thirteen.svg
 create mode 100644 learn-web3.dao.io/sophomore/NFT-Collection/my-app/public/vercel.svg
 create mode 100644 learn-web3.dao.io/sophomore/NFT-Collection/my-app/styles/Home.module.css
 create mode 100644 learn-web3.dao.io/sophomore/NFT-Collection/my-app/styles/globals.css
 create mode 100644 learn-web3.dao.io/sophomore/NFT-Collection/terminal-commands.txt

D:\web3\web3_learn\learn-web3.dao.io\sophomore>git status
On branch trunk
Your branch is ahead of 'origin/trunk' by 1 commit.
  (use "git push" to publish your local commits)

nothing to commit, working tree clean

D:\web3\web3_learn\learn-web3.dao.io\sophomore>git push
Enumerating objects: 71, done.
Counting objects: 100% (71/71), done.
Delta compression using up to 8 threads
Compressing objects: 100% (63/63), done.
Writing objects: 100% (68/68), 168.29 KiB | 5.61 MiB/s, done.
Total 68 (delta 20), reused 0 (delta 0), pack-reused 0
remote: Resolving deltas: 100% (20/20), completed with 1 local object.
To https://github.com/suvrajeet01/web3_learn.git
   0a2faca..33ae62b  trunk -> trunk

D:\web3\web3_learn\learn-web3.dao.io\sophomore>git status
On branch trunk
Your branch is up to date with 'origin/trunk'.

nothing to commit, working tree clean

D:\web3\web3_learn\learn-web3.dao.io\sophomore>




D:\web3\web3_learn\learn-web3.dao.io\sophomore>cd NFT-Collection\

D:\web3\web3_learn\learn-web3.dao.io\sophomore\NFT-Collection>git status
On branch trunk
Your branch is up to date with 'origin/trunk'.

Changes not staged for commit:
  (use "git add <file>..." to update what will be committed)
  (use "git restore <file>..." to discard changes in working directory)
        modified:   terminal-commands.txt

no changes added to commit (use "git add" and/or "git commit -a")

D:\web3\web3_learn\learn-web3.dao.io\sophomore\NFT-Collection>git add .

D:\web3\web3_learn\learn-web3.dao.io\sophomore\NFT-Collection>git commit -m "terminal-commands"
[trunk 65c7288] terminal-commands
 1 file changed, 310 insertions(+)

D:\web3\web3_learn\learn-web3.dao.io\sophomore\NFT-Collection>git push
Enumerating objects: 11, done.
Counting objects: 100% (11/11), done.
Delta compression using up to 8 threads
Compressing objects: 100% (6/6), done.
Writing objects: 100% (6/6), 2.29 KiB | 1.14 MiB/s, done.
Total 6 (delta 3), reused 0 (delta 0), pack-reused 0
remote: Resolving deltas: 100% (3/3), completed with 3 local objects.
To https://github.com/suvrajeet01/web3_learn.git
   33ae62b..65c7288  trunk -> trunk

D:\web3\web3_learn\learn-web3.dao.io\sophomore\NFT-Collection>























































































































--------------------------------------------------------------------------------------------------------------------------------------------------------------------------------------------





























Microsoft Windows [Version 10.0.22621.1105]
(c) Microsoft Corporation. All rights reserved.

D:\web3\web3_learn\learn-web3.dao.io\sophomore\NFT-Collection>mkdir hardhat-tutorial

D:\web3\web3_learn\learn-web3.dao.io\sophomore\NFT-Collection>cd hardhat-tutorial

D:\web3\web3_learn\learn-web3.dao.io\sophomore\NFT-Collection\hardhat-tutorial>npm init --yes
Wrote to D:\web3\web3_learn\learn-web3.dao.io\sophomore\NFT-Collection\hardhat-tutorial\package.json:

{
  "name": "hardhat-tutorial",
  "version": "1.0.0",
  "description": "",
  "main": "index.js",
  "scripts": {
    "test": "echo \"Error: no test specified\" && exit 1"
  },
  "keywords": [],
  "author": "",
  "license": "ISC"
}



D:\web3\web3_learn\learn-web3.dao.io\sophomore\NFT-Collection\hardhat-tutorial>npm install --save-dev hardhat

added 299 packages, and audited 300 packages in 1m

61 packages are looking for funding
  run `npm fund` for details

found 0 vulnerabilities

D:\web3\web3_learn\learn-web3.dao.io\sophomore\NFT-Collection\hardhat-tutorial>npm install --save-dev @nomicfoundation/hardhat-toolbox
npm WARN deprecated request-promise-native@1.0.9: request-promise-native has been deprecated because it extends the now deprecated request package, see https://github.com/request/request/issues/3142
npm WARN deprecated har-validator@5.1.5: this library is no longer supported
npm WARN deprecated debug@3.2.6: Debug versions >=3.2.0 <3.2.7 || >=4 <4.3.1 have a low-severity ReDos regression when used in a Node.js environment. It is recommended you upgrade to 3.2.7 or 4.3.1. (https://github.com/visionmedia/debug/issues/797)
npm WARN deprecated debug@3.2.6: Debug versions >=3.2.0 <3.2.7 || >=4 <4.3.1 have a low-severity ReDos regression when used in a Node.js environment. It is recommended you upgrade to 3.2.7 or 4.3.1. (https://github.com/visionmedia/debug/issues/797)
npm WARN deprecated uuid@2.0.1: Please upgrade  to version 7 or higher.  Older versions may use Math.random() in certain circumstances, which is known to be problematic.  See https://v8.dev/blog/math-random for details.
npm WARN deprecated uuid@3.4.0: Please upgrade  to version 7 or higher.  Older versions may use Math.random() in certain circumstances, which is known to be problematic.  See https://v8.dev/blog/math-random for details.
npm WARN deprecated request@2.88.2: request has been deprecated, see https://github.com/request/request/issues/3142

added 405 packages, and audited 705 packages in 1m

121 packages are looking for funding
  run `npm fund` for details

8 vulnerabilities (5 high, 3 critical)

To address all issues, run:
  npm audit fix

Run `npm audit` for details.

D:\web3\web3_learn\learn-web3.dao.io\sophomore\NFT-Collection\hardhat-tutorial>npm audit fix

up to date, audited 705 packages in 4s

121 packages are looking for funding
  run `npm fund` for details

# npm audit report

flat  <5.0.1
Severity: critical
flat vulnerable to Prototype Pollution - https://github.com/advisories/GHSA-2j2x-2gpw-g8fm
fix available via `npm audit fix --force`
Will install @nomicfoundation/hardhat-toolbox@1.0.2, which is a breaking change
node_modules/eth-gas-reporter/node_modules/flat
node_modules/solidity-coverage/node_modules/flat
  yargs-unparser  <=1.6.3
  Depends on vulnerable versions of flat
  node_modules/eth-gas-reporter/node_modules/yargs-unparser
  node_modules/solidity-coverage/node_modules/yargs-unparser
    mocha  5.1.0 - 9.2.1
    Depends on vulnerable versions of minimatch
    Depends on vulnerable versions of yargs-unparser
    node_modules/eth-gas-reporter/node_modules/mocha
    node_modules/solidity-coverage/node_modules/mocha
      eth-gas-reporter  >=0.2.1
      Depends on vulnerable versions of mocha
      node_modules/eth-gas-reporter
        hardhat-gas-reporter  *
        Depends on vulnerable versions of eth-gas-reporter
        node_modules/hardhat-gas-reporter
          @nomicfoundation/hardhat-toolbox  *
          Depends on vulnerable versions of hardhat-gas-reporter
          Depends on vulnerable versions of solidity-coverage
          node_modules/@nomicfoundation/hardhat-toolbox
      solidity-coverage  >=0.8.0-beta.0
      Depends on vulnerable versions of mocha
      node_modules/solidity-coverage

minimatch  <3.0.5
Severity: high
minimatch ReDoS vulnerability - https://github.com/advisories/GHSA-f8q6-p94x-37v3
fix available via `npm audit fix --force`
Will install @nomicfoundation/hardhat-toolbox@1.0.2, which is a breaking change
node_modules/eth-gas-reporter/node_modules/minimatch
node_modules/solidity-coverage/node_modules/minimatch

8 vulnerabilities (5 high, 3 critical)

To address all issues (including breaking changes), run:
  npm audit fix --force

D:\web3\web3_learn\learn-web3.dao.io\sophomore\NFT-Collection\hardhat-tutorial>npm audit fix --force
npm WARN using --force Recommended protections disabled.
npm WARN audit Updating @nomicfoundation/hardhat-toolbox to 1.0.2, which is a SemVer major change.
npm WARN deprecated mkdirp-promise@5.0.1: This package is broken and no longer maintained. 'mkdirp' itself supports promises now, please switch to that.
npm WARN deprecated multicodec@1.0.4: This module has been superseded by the multiformats module
npm WARN deprecated uuid@2.0.1: Please upgrade  to version 7 or higher.  Older versions may use Math.random() in certain circumstances, which is known to be problematic.  See https://v8.dev/blog/math-random for details.
npm WARN deprecated multibase@0.6.1: This module has been superseded by the multiformats module
npm WARN deprecated multibase@0.7.0: This module has been superseded by the multiformats module
npm WARN deprecated uuid@3.3.2: Please upgrade  to version 7 or higher.  Older versions may use Math.random() in certain circumstances, which is known to be problematic.  See https://v8.dev/blog/math-random for details.
npm WARN deprecated multicodec@0.5.7: This module has been superseded by the multiformats module
npm WARN deprecated cids@0.7.5: This module has been superseded by the multiformats module

added 320 packages, removed 37 packages, changed 3 packages, and audited 988 packages in 1m

136 packages are looking for funding
  run `npm fund` for details

# npm audit report

cacheable-request  <10.2.7
Severity: high
cacheable-request depends on http-cache-semantics, which is vulnerable to Regular Expression Denial of Service - https://github.com/advisories/GHSA-8x6c-cv3v-vp6g
No fix available
node_modules/@truffle/interface-adapter/node_modules/cacheable-request
node_modules/cacheable-request
node_modules/swarm-js/node_modules/cacheable-request
  got  <=12.4.1
  Depends on vulnerable versions of cacheable-request
  node_modules/@truffle/interface-adapter/node_modules/got
  node_modules/got
  node_modules/swarm-js/node_modules/got
    swarm-js  >=0.1.42
    Depends on vulnerable versions of got
    node_modules/swarm-js
    web3-bzz  *
    Depends on vulnerable versions of got
    Depends on vulnerable versions of got
    node_modules/@truffle/interface-adapter/node_modules/web3-bzz
    node_modules/web3-bzz
      web3  1.0.0-beta.1 - 3.0.0-rc.0
      Depends on vulnerable versions of web3-bzz
      Depends on vulnerable versions of web3-bzz
      node_modules/@truffle/interface-adapter/node_modules/web3
      node_modules/web3
        @truffle/interface-adapter  *
        Depends on vulnerable versions of web3
        node_modules/@truffle/interface-adapter
          @truffle/provider  *
          Depends on vulnerable versions of @truffle/interface-adapter
          Depends on vulnerable versions of web3
          node_modules/@truffle/provider
            solidity-coverage  0.7.0-beta.0 - 0.8.0-rc.test.0
            Depends on vulnerable versions of @truffle/provider
            node_modules/solidity-coverage
              @nomicfoundation/hardhat-toolbox  *
              Depends on vulnerable versions of hardhat-gas-reporter
              Depends on vulnerable versions of solidity-coverage
              node_modules/@nomicfoundation/hardhat-toolbox

flat  <5.0.1
Severity: critical
flat vulnerable to Prototype Pollution - https://github.com/advisories/GHSA-2j2x-2gpw-g8fm
No fix available
node_modules/eth-gas-reporter/node_modules/flat
  yargs-unparser  <=1.6.3
  Depends on vulnerable versions of flat
  node_modules/eth-gas-reporter/node_modules/yargs-unparser
    mocha  5.1.0 - 9.2.1
    Depends on vulnerable versions of minimatch
    Depends on vulnerable versions of yargs-unparser
    node_modules/eth-gas-reporter/node_modules/mocha
      eth-gas-reporter  >=0.2.1
      Depends on vulnerable versions of mocha
      node_modules/eth-gas-reporter
        hardhat-gas-reporter  *
        Depends on vulnerable versions of eth-gas-reporter
        node_modules/hardhat-gas-reporter


minimatch  <3.0.5
Severity: high
minimatch ReDoS vulnerability - https://github.com/advisories/GHSA-f8q6-p94x-37v3
No fix available
node_modules/eth-gas-reporter/node_modules/minimatch

15 vulnerabilities (1 moderate, 11 high, 3 critical)

To address issues that do not require attention, run:
  npm audit fix

Some issues need review, and may require choosing
a different dependency.

D:\web3\web3_learn\learn-web3.dao.io\sophomore\NFT-Collection\hardhat-tutorial>npx hardhat
888    888                      888 888               888
888    888                      888 888               888
888    888                      888 888               888
8888888888  8888b.  888d888 .d88888 88888b.   8888b.  888888
888    888     "88b 888P"  d88" 888 888 "88b     "88b 888
888    888 .d888888 888    888  888 888  888 .d888888 888
888    888 888  888 888    Y88b 888 888  888 888  888 Y88b.
888    888 "Y888888 888     "Y88888 888  888 "Y888888  "Y888

Welcome to Hardhat v2.12.7

√ What do you want to do? · Create a JavaScript project
√ Hardhat project root: · D:\web3\web3_learn\learn-web3.dao.io\sophomore\NFT-Collection\hardhat-tutorial
√ Do you want to add a .gitignore? (Y/n) · y

You need to install these dependencies to run the sample project:
  npm install --save-dev "hardhat@^2.12.7" "@nomicfoundation/hardhat-toolbox@^2.0.0"

Project created

See the README.md file for some example tasks you can run

Give Hardhat a star on Github if you're enjoying it!

     https://github.com/NomicFoundation/hardhat

D:\web3\web3_learn\learn-web3.dao.io\sophomore\NFT-Collection\hardhat-tutorial>npm install @openzeppelin/contracts

added 1 package, and audited 989 packages in 21s

136 packages are looking for funding
  run `npm fund` for details

15 vulnerabilities (1 moderate, 11 high, 3 critical)

To address issues that do not require attention, run:
  npm audit fix

Some issues need review, and may require choosing
a different dependency.

Run `npm audit` for details.

D:\web3\web3_learn\learn-web3.dao.io\sophomore\NFT-Collection\hardhat-tutorial>npm audit fix --force
npm WARN using --force Recommended protections disabled.
npm WARN audit No fix available for @nomicfoundation/hardhat-toolbox@*

up to date, audited 989 packages in 27s

136 packages are looking for funding
  run `npm fund` for details

# npm audit report

cacheable-request  <10.2.7
Severity: high
cacheable-request depends on http-cache-semantics, which is vulnerable to Regular Expression Denial of Service - https://github.com/advisories/GHSA-8x6c-cv3v-vp6g
No fix available
node_modules/@truffle/interface-adapter/node_modules/cacheable-request
node_modules/cacheable-request
node_modules/swarm-js/node_modules/cacheable-request
  got  <=12.4.1
  Depends on vulnerable versions of cacheable-request
  node_modules/@truffle/interface-adapter/node_modules/got
  node_modules/got
  node_modules/swarm-js/node_modules/got
    swarm-js  >=0.1.42
    Depends on vulnerable versions of got
    node_modules/swarm-js
    web3-bzz  *
    Depends on vulnerable versions of got
    Depends on vulnerable versions of got
    node_modules/@truffle/interface-adapter/node_modules/web3-bzz
    node_modules/web3-bzz
      web3  1.0.0-beta.1 - 3.0.0-rc.0
      Depends on vulnerable versions of web3-bzz
      Depends on vulnerable versions of web3-bzz
      node_modules/@truffle/interface-adapter/node_modules/web3
      node_modules/web3
        @truffle/interface-adapter  *
        Depends on vulnerable versions of web3
        node_modules/@truffle/interface-adapter
          @truffle/provider  *
          Depends on vulnerable versions of @truffle/interface-adapter
          Depends on vulnerable versions of web3
          node_modules/@truffle/provider
            solidity-coverage  0.7.0-beta.0 - 0.8.0-rc.test.0
            Depends on vulnerable versions of @truffle/provider
            node_modules/solidity-coverage
              @nomicfoundation/hardhat-toolbox  *
              Depends on vulnerable versions of hardhat-gas-reporter
              Depends on vulnerable versions of solidity-coverage
              node_modules/@nomicfoundation/hardhat-toolbox

flat  <5.0.1
Severity: critical
flat vulnerable to Prototype Pollution - https://github.com/advisories/GHSA-2j2x-2gpw-g8fm
No fix available
node_modules/eth-gas-reporter/node_modules/flat
  yargs-unparser  <=1.6.3
  Depends on vulnerable versions of flat
  node_modules/eth-gas-reporter/node_modules/yargs-unparser
    mocha  5.1.0 - 9.2.1
    Depends on vulnerable versions of minimatch
    Depends on vulnerable versions of yargs-unparser
    node_modules/eth-gas-reporter/node_modules/mocha
      eth-gas-reporter  >=0.2.1
      Depends on vulnerable versions of mocha
      node_modules/eth-gas-reporter
        hardhat-gas-reporter  *
        Depends on vulnerable versions of eth-gas-reporter
        node_modules/hardhat-gas-reporter


minimatch  <3.0.5
Severity: high
minimatch ReDoS vulnerability - https://github.com/advisories/GHSA-f8q6-p94x-37v3
No fix available
node_modules/eth-gas-reporter/node_modules/minimatch

15 vulnerabilities (1 moderate, 11 high, 3 critical)

To address issues that do not require attention, run:
  npm audit fix

Some issues need review, and may require choosing
a different dependency.

D:\web3\web3_learn\learn-web3.dao.io\sophomore\NFT-Collection\hardhat-tutorial>npm audit fix

up to date, audited 989 packages in 4s

136 packages are looking for funding
  run `npm fund` for details

# npm audit report

cacheable-request  <10.2.7
Severity: high
cacheable-request depends on http-cache-semantics, which is vulnerable to Regular Expression Denial of Service - https://github.com/advisories/GHSA-8x6c-cv3v-vp6g
No fix available
node_modules/@truffle/interface-adapter/node_modules/cacheable-request
node_modules/cacheable-request
node_modules/swarm-js/node_modules/cacheable-request
  got  <=12.4.1
  Depends on vulnerable versions of cacheable-request
  node_modules/@truffle/interface-adapter/node_modules/got
  node_modules/got
  node_modules/swarm-js/node_modules/got
    swarm-js  >=0.1.42
    Depends on vulnerable versions of got
    node_modules/swarm-js
    web3-bzz  *
    Depends on vulnerable versions of got
    Depends on vulnerable versions of got
    node_modules/@truffle/interface-adapter/node_modules/web3-bzz
    node_modules/web3-bzz
      web3  1.0.0-beta.1 - 3.0.0-rc.0
      Depends on vulnerable versions of web3-bzz
      Depends on vulnerable versions of web3-bzz
      node_modules/@truffle/interface-adapter/node_modules/web3
      node_modules/web3
        @truffle/interface-adapter  *
        Depends on vulnerable versions of web3
        node_modules/@truffle/interface-adapter
          @truffle/provider  *
          Depends on vulnerable versions of @truffle/interface-adapter
          Depends on vulnerable versions of web3
          node_modules/@truffle/provider
            solidity-coverage  0.7.0-beta.0 - 0.8.0-rc.test.0
            Depends on vulnerable versions of @truffle/provider
            node_modules/solidity-coverage
              @nomicfoundation/hardhat-toolbox  *
              Depends on vulnerable versions of hardhat-gas-reporter
              Depends on vulnerable versions of solidity-coverage
              node_modules/@nomicfoundation/hardhat-toolbox

flat  <5.0.1
Severity: critical
flat vulnerable to Prototype Pollution - https://github.com/advisories/GHSA-2j2x-2gpw-g8fm
No fix available
node_modules/eth-gas-reporter/node_modules/flat
  yargs-unparser  <=1.6.3
  Depends on vulnerable versions of flat
  node_modules/eth-gas-reporter/node_modules/yargs-unparser
    mocha  5.1.0 - 9.2.1
    Depends on vulnerable versions of minimatch
    Depends on vulnerable versions of yargs-unparser
    node_modules/eth-gas-reporter/node_modules/mocha
      eth-gas-reporter  >=0.2.1
      Depends on vulnerable versions of mocha
      node_modules/eth-gas-reporter
        hardhat-gas-reporter  *
        Depends on vulnerable versions of eth-gas-reporter
        node_modules/hardhat-gas-reporter


minimatch  <3.0.5
Severity: high
minimatch ReDoS vulnerability - https://github.com/advisories/GHSA-f8q6-p94x-37v3
No fix available
node_modules/eth-gas-reporter/node_modules/minimatch

15 vulnerabilities (1 moderate, 11 high, 3 critical)

To address issues that do not require attention, run:
  npm audit fix

Some issues need review, and may require choosing
a different dependency.

D:\web3\web3_learn\learn-web3.dao.io\sophomore\NFT-Collection\hardhat-tutorial>npm install dotenv

added 1 package, and audited 990 packages in 14s

136 packages are looking for funding
  run `npm fund` for details

15 vulnerabilities (1 moderate, 11 high, 3 critical)

To address issues that do not require attention, run:
  npm audit fix

Some issues need review, and may require choosing
a different dependency.

Run `npm audit` for details.

D:\web3\web3_learn\learn-web3.dao.io\sophomore\NFT-Collection\hardhat-tutorial>npm audit fix

up to date, audited 990 packages in 12s

136 packages are looking for funding
  run `npm fund` for details

# npm audit report

cacheable-request  <10.2.7
Severity: high
cacheable-request depends on http-cache-semantics, which is vulnerable to Regular Expression Denial of Service - https://github.com/advisories/GHSA-8x6c-cv3v-vp6g
No fix available
node_modules/@truffle/interface-adapter/node_modules/cacheable-request
node_modules/cacheable-request
node_modules/swarm-js/node_modules/cacheable-request
  got  <=12.4.1
  Depends on vulnerable versions of cacheable-request
  node_modules/@truffle/interface-adapter/node_modules/got
  node_modules/got
  node_modules/swarm-js/node_modules/got
    swarm-js  >=0.1.42
    Depends on vulnerable versions of got
    node_modules/swarm-js
    web3-bzz  *
    Depends on vulnerable versions of got
    Depends on vulnerable versions of got
    node_modules/@truffle/interface-adapter/node_modules/web3-bzz
    node_modules/web3-bzz
      web3  1.0.0-beta.1 - 3.0.0-rc.0
      Depends on vulnerable versions of web3-bzz
      Depends on vulnerable versions of web3-bzz
      node_modules/@truffle/interface-adapter/node_modules/web3
      node_modules/web3
        @truffle/interface-adapter  *
        Depends on vulnerable versions of web3
        node_modules/@truffle/interface-adapter
          @truffle/provider  *
          Depends on vulnerable versions of @truffle/interface-adapter
          Depends on vulnerable versions of web3
          node_modules/@truffle/provider
            solidity-coverage  0.7.0-beta.0 - 0.8.0-rc.test.0
            Depends on vulnerable versions of @truffle/provider
            node_modules/solidity-coverage
              @nomicfoundation/hardhat-toolbox  *
              Depends on vulnerable versions of hardhat-gas-reporter
              Depends on vulnerable versions of solidity-coverage
              node_modules/@nomicfoundation/hardhat-toolbox

flat  <5.0.1
Severity: critical
flat vulnerable to Prototype Pollution - https://github.com/advisories/GHSA-2j2x-2gpw-g8fm
No fix available
node_modules/eth-gas-reporter/node_modules/flat
  yargs-unparser  <=1.6.3
  Depends on vulnerable versions of flat
  node_modules/eth-gas-reporter/node_modules/yargs-unparser
    mocha  5.1.0 - 9.2.1
    Depends on vulnerable versions of minimatch
    Depends on vulnerable versions of yargs-unparser
    node_modules/eth-gas-reporter/node_modules/mocha
      eth-gas-reporter  >=0.2.1
      Depends on vulnerable versions of mocha
      node_modules/eth-gas-reporter
        hardhat-gas-reporter  *
        Depends on vulnerable versions of eth-gas-reporter
        node_modules/hardhat-gas-reporter


minimatch  <3.0.5
Severity: high
minimatch ReDoS vulnerability - https://github.com/advisories/GHSA-f8q6-p94x-37v3
No fix available
node_modules/eth-gas-reporter/node_modules/minimatch

15 vulnerabilities (1 moderate, 11 high, 3 critical)

To address issues that do not require attention, run:
  npm audit fix

Some issues need review, and may require choosing
a different dependency.

D:\web3\web3_learn\learn-web3.dao.io\sophomore\NFT-Collection\hardhat-tutorial>npx hardhat compile
Error HH606: The project cannot be compiled, see reasons below.

The Solidity version pragma statement in these files doesn't match any of the configured compilers in your config. Change the pragma or configure additional compiler versions in your hardhat config.

  * contracts/Lock.sol (^0.8.9)

To learn more, run the command again with --verbose

Read about compiler configuration at https://hardhat.org/config


For more info go to https://hardhat.org/HH606 or run Hardhat with --show-stack-traces

D:\web3\web3_learn\learn-web3.dao.io\sophomore\NFT-Collection\hardhat-tutorial>npx hardhat compile
Downloading compiler 0.8.4
Warning: Unnamed return variable can remain unassigned. Add an explicit return with value to all non-reverting code paths or name the variable.
   --> @openzeppelin/contracts/utils/Address.sol:200:30:
    |
200 |     ) internal view returns (bytes memory) {
    |                              ^^^^^^^^^^^^


Warning: Unnamed return variable can remain unassigned. Add an explicit return with value to all non-reverting code paths or name the variable.
   --> @openzeppelin/contracts/utils/Address.sol:223:30:
    |
223 |     ) internal pure returns (bytes memory) {
    |                              ^^^^^^^^^^^^


Compiled 16 Solidity files successfully

D:\web3\web3_learn\learn-web3.dao.io\sophomore\NFT-Collection\hardhat-tutorial>npx hardhat compile
Nothing to compile

D:\web3\web3_learn\learn-web3.dao.io\sophomore\NFT-Collection\hardhat-tutorial>npx hardhat run scripts/deploy.js --network goerli
Crypto Devs Contract Address: 0x70184F89E4b9C2AD8C1FE3f97B8DDF54F104e296

D:\web3\web3_learn\learn-web3.dao.io\sophomore\NFT-Collection\hardhat-tutorial>cd ..

D:\web3\web3_learn\learn-web3.dao.io\sophomore\NFT-Collection>npx create-next-app@latest
√ What is your project named? ... my-app
√ Would you like to use TypeScript with this project? ... No / Yes
√ Would you like to use ESLint with this project? ... No / Yes
√ Would you like to use `src/` directory with this project? ... No / Yes
√ Would you like to use experimental `app/` directory with this project? ... No / Yes
√ What import alias would you like configured? ... @/*
Creating a new Next.js app in D:\web3\web3_learn\learn-web3.dao.io\sophomore\NFT-Collection\my-app.

Using npm.

Installing dependencies:
- react
- react-dom
- next
- @next/font


added 18 packages, and audited 19 packages in 32s

2 packages are looking for funding
  run `npm fund` for details

found 0 vulnerabilities

Initializing project with template: default

Success! Created my-app at D:\web3\web3_learn\learn-web3.dao.io\sophomore\NFT-Collection\my-app


D:\web3\web3_learn\learn-web3.dao.io\sophomore\NFT-Collection>
D:\web3\web3_learn\learn-web3.dao.io\sophomore\NFT-Collection>cd my-app

D:\web3\web3_learn\learn-web3.dao.io\sophomore\NFT-Collection\my-app>npm run dev

> my-app@0.1.0 dev
> next dev

ready - started server on 0.0.0.0:3000, url: http://localhost:3000
event - compiled client and server successfully in 3.3s (165 modules)
wait  - compiling / (client and server)...
event - compiled client and server successfully in 5.9s (194 modules)
Terminate batch job (Y/N)? y

D:\web3\web3_learn\learn-web3.dao.io\sophomore\NFT-Collection\my-app>npm install web3modal

added 58 packages, and audited 77 packages in 19s

5 packages are looking for funding
  run `npm fund` for details

found 0 vulnerabilities

D:\web3\web3_learn\learn-web3.dao.io\sophomore\NFT-Collection\my-app>npm install ethers@5

added 45 packages, and audited 122 packages in 18s

36 packages are looking for funding
  run `npm fund` for details

found 0 vulnerabilities

D:\web3\web3_learn\learn-web3.dao.io\sophomore\NFT-Collection\my-app>npm run dev

> my-app@0.1.0 dev
> next dev

ready - started server on 0.0.0.0:3000, url: http://localhost:3000
event - compiled client and server successfully in 785 ms (165 modules)
wait  - compiling / (client and server)...
event - compiled client and server successfully in 2.2s (322 modules)
Terminate batch job (Y/N)? y

D:\web3\web3_learn\learn-web3.dao.io\sophomore\NFT-Collection\my-app>cd ../../

D:\web3\web3_learn\learn-web3.dao.io\sophomore>git status
On branch trunk
Your branch is up to date with 'origin/trunk'.

Untracked files:
  (use "git add <file>..." to include in what will be committed)
        NFT-Collection/

nothing added to commit but untracked files present (use "git add" to track)

D:\web3\web3_learn\learn-web3.dao.io\sophomore>git add .
warning: LF will be replaced by CRLF in learn-web3.dao.io/sophomore/NFT-Collection/hardhat-tutorial/.gitignore.
The file will have its original line endings in your working directory
warning: LF will be replaced by CRLF in learn-web3.dao.io/sophomore/NFT-Collection/hardhat-tutorial/README.md.
The file will have its original line endings in your working directory
warning: LF will be replaced by CRLF in learn-web3.dao.io/sophomore/NFT-Collection/hardhat-tutorial/contracts/Lock.sol.
The file will have its original line endings in your working directory
warning: LF will be replaced by CRLF in learn-web3.dao.io/sophomore/NFT-Collection/hardhat-tutorial/hardhat.config.js.
The file will have its original line endings in your working directory
warning: LF will be replaced by CRLF in learn-web3.dao.io/sophomore/NFT-Collection/hardhat-tutorial/package-lock.json.
The file will have its original line endings in your working directory
warning: LF will be replaced by CRLF in learn-web3.dao.io/sophomore/NFT-Collection/hardhat-tutorial/package.json.
The file will have its original line endings in your working directory
warning: LF will be replaced by CRLF in learn-web3.dao.io/sophomore/NFT-Collection/hardhat-tutorial/scripts/deploy.js.
The file will have its original line endings in your working directory
warning: LF will be replaced by CRLF in learn-web3.dao.io/sophomore/NFT-Collection/hardhat-tutorial/test/Lock.js.
The file will have its original line endings in your working directory
warning: LF will be replaced by CRLF in learn-web3.dao.io/sophomore/NFT-Collection/my-app/.gitignore.
The file will have its original line endings in your working directory
warning: LF will be replaced by CRLF in learn-web3.dao.io/sophomore/NFT-Collection/my-app/README.md.
The file will have its original line endings in your working directory
warning: LF will be replaced by CRLF in learn-web3.dao.io/sophomore/NFT-Collection/my-app/jsconfig.json.
The file will have its original line endings in your working directory
warning: LF will be replaced by CRLF in learn-web3.dao.io/sophomore/NFT-Collection/my-app/next.config.js.
The file will have its original line endings in your working directory
warning: LF will be replaced by CRLF in learn-web3.dao.io/sophomore/NFT-Collection/my-app/package-lock.json.
The file will have its original line endings in your working directory
warning: LF will be replaced by CRLF in learn-web3.dao.io/sophomore/NFT-Collection/my-app/package.json.
The file will have its original line endings in your working directory
warning: LF will be replaced by CRLF in learn-web3.dao.io/sophomore/NFT-Collection/my-app/pages/_app.js.
The file will have its original line endings in your working directory
warning: LF will be replaced by CRLF in learn-web3.dao.io/sophomore/NFT-Collection/my-app/pages/_document.js.
The file will have its original line endings in your working directory
warning: LF will be replaced by CRLF in learn-web3.dao.io/sophomore/NFT-Collection/my-app/pages/api/hello.js.
The file will have its original line endings in your working directory
warning: LF will be replaced by CRLF in learn-web3.dao.io/sophomore/NFT-Collection/my-app/pages/index.js.
The file will have its original line endings in your working directory
warning: LF will be replaced by CRLF in learn-web3.dao.io/sophomore/NFT-Collection/my-app/styles/Home.module.css.
The file will have its original line endings in your working directory
warning: LF will be replaced by CRLF in learn-web3.dao.io/sophomore/NFT-Collection/my-app/styles/globals.css.
The file will have its original line endings in your working directory

D:\web3\web3_learn\learn-web3.dao.io\sophomore>git status
On branch trunk
Your branch is up to date with 'origin/trunk'.

Changes to be committed:
  (use "git restore --staged <file>..." to unstage)
        new file:   NFT-Collection/LearnWeb3DAO NFT-Collection main my-app-public_cryptodevs.zip
        new file:   NFT-Collection/Whitelist Contract address.txt
        new file:   NFT-Collection/hardhat-tutorial/.gitignore
        new file:   NFT-Collection/hardhat-tutorial/README.md
        new file:   NFT-Collection/hardhat-tutorial/constants/index.js
        new file:   NFT-Collection/hardhat-tutorial/contracts/CryptoDevs.sol
        new file:   NFT-Collection/hardhat-tutorial/contracts/IWhitelist.sol
        new file:   NFT-Collection/hardhat-tutorial/contracts/Lock.sol
        new file:   NFT-Collection/hardhat-tutorial/hardhat.config.js
        new file:   NFT-Collection/hardhat-tutorial/package-lock.json
        new file:   NFT-Collection/hardhat-tutorial/package.json
        new file:   NFT-Collection/hardhat-tutorial/scripts/deploy.js
        new file:   NFT-Collection/hardhat-tutorial/test/Lock.js
        new file:   NFT-Collection/my-app/.gitignore
        new file:   NFT-Collection/my-app/README.md
        new file:   NFT-Collection/my-app/constants/index.js
        new file:   NFT-Collection/my-app/jsconfig.json
        new file:   NFT-Collection/my-app/next.config.js
        new file:   NFT-Collection/my-app/package-lock.json
        new file:   NFT-Collection/my-app/package.json
        new file:   NFT-Collection/my-app/pages/_app.js
        new file:   NFT-Collection/my-app/pages/_document.js
        new file:   NFT-Collection/my-app/pages/api/hello.js
        new file:   NFT-Collection/my-app/pages/index.js
        new file:   NFT-Collection/my-app/public/cryptodevs/0.svg
        new file:   NFT-Collection/my-app/public/cryptodevs/1.svg
        new file:   NFT-Collection/my-app/public/cryptodevs/10.svg
        new file:   NFT-Collection/my-app/public/cryptodevs/11.svg
        new file:   NFT-Collection/my-app/public/cryptodevs/12.svg
        new file:   NFT-Collection/my-app/public/cryptodevs/13.svg
        new file:   NFT-Collection/my-app/public/cryptodevs/14.svg
        new file:   NFT-Collection/my-app/public/cryptodevs/15.svg
        new file:   NFT-Collection/my-app/public/cryptodevs/16.svg
        new file:   NFT-Collection/my-app/public/cryptodevs/17.svg
        new file:   NFT-Collection/my-app/public/cryptodevs/18.svg
        new file:   NFT-Collection/my-app/public/cryptodevs/19.svg
        new file:   NFT-Collection/my-app/public/cryptodevs/2.svg
        new file:   NFT-Collection/my-app/public/cryptodevs/3.svg
        new file:   NFT-Collection/my-app/public/cryptodevs/4.svg
        new file:   NFT-Collection/my-app/public/cryptodevs/5.svg
        new file:   NFT-Collection/my-app/public/cryptodevs/6.svg
        new file:   NFT-Collection/my-app/public/cryptodevs/7.svg
        new file:   NFT-Collection/my-app/public/cryptodevs/8.svg
        new file:   NFT-Collection/my-app/public/cryptodevs/9.svg
        new file:   NFT-Collection/my-app/public/favicon.ico
        new file:   NFT-Collection/my-app/public/next.svg
        new file:   NFT-Collection/my-app/public/thirteen.svg
        new file:   NFT-Collection/my-app/public/vercel.svg
        new file:   NFT-Collection/my-app/styles/Home.module.css
        new file:   NFT-Collection/my-app/styles/globals.css
        new file:   NFT-Collection/terminal-commands.txt


D:\web3\web3_learn\learn-web3.dao.io\sophomore>git commit -m
error: switch `m' requires a value

D:\web3\web3_learn\learn-web3.dao.io\sophomore>git status
On branch trunk
Your branch is up to date with 'origin/trunk'.

Changes to be committed:
  (use "git restore --staged <file>..." to unstage)
        new file:   NFT-Collection/LearnWeb3DAO NFT-Collection main my-app-public_cryptodevs.zip
        new file:   NFT-Collection/Whitelist Contract address.txt
        new file:   NFT-Collection/hardhat-tutorial/.gitignore
        new file:   NFT-Collection/hardhat-tutorial/README.md
        new file:   NFT-Collection/hardhat-tutorial/constants/index.js
        new file:   NFT-Collection/hardhat-tutorial/contracts/CryptoDevs.sol
        new file:   NFT-Collection/hardhat-tutorial/contracts/IWhitelist.sol
        new file:   NFT-Collection/hardhat-tutorial/contracts/Lock.sol
        new file:   NFT-Collection/hardhat-tutorial/hardhat.config.js
        new file:   NFT-Collection/hardhat-tutorial/package-lock.json
        new file:   NFT-Collection/hardhat-tutorial/package.json
        new file:   NFT-Collection/hardhat-tutorial/scripts/deploy.js
        new file:   NFT-Collection/hardhat-tutorial/test/Lock.js
        new file:   NFT-Collection/my-app/.gitignore
        new file:   NFT-Collection/my-app/README.md
        new file:   NFT-Collection/my-app/constants/index.js
        new file:   NFT-Collection/my-app/jsconfig.json
        new file:   NFT-Collection/my-app/next.config.js
        new file:   NFT-Collection/my-app/package-lock.json
        new file:   NFT-Collection/my-app/package.json
        new file:   NFT-Collection/my-app/pages/_app.js
        new file:   NFT-Collection/my-app/pages/_document.js
        new file:   NFT-Collection/my-app/pages/api/hello.js
        new file:   NFT-Collection/my-app/pages/index.js
        new file:   NFT-Collection/my-app/public/cryptodevs/0.svg
        new file:   NFT-Collection/my-app/public/cryptodevs/1.svg
        new file:   NFT-Collection/my-app/public/cryptodevs/10.svg
        new file:   NFT-Collection/my-app/public/cryptodevs/11.svg
        new file:   NFT-Collection/my-app/public/cryptodevs/12.svg
        new file:   NFT-Collection/my-app/public/cryptodevs/13.svg
        new file:   NFT-Collection/my-app/public/cryptodevs/14.svg
        new file:   NFT-Collection/my-app/public/cryptodevs/15.svg
        new file:   NFT-Collection/my-app/public/cryptodevs/16.svg
        new file:   NFT-Collection/my-app/public/cryptodevs/17.svg
        new file:   NFT-Collection/my-app/public/cryptodevs/18.svg
        new file:   NFT-Collection/my-app/public/cryptodevs/19.svg
        new file:   NFT-Collection/my-app/public/cryptodevs/2.svg
        new file:   NFT-Collection/my-app/public/cryptodevs/3.svg
        new file:   NFT-Collection/my-app/public/cryptodevs/4.svg
        new file:   NFT-Collection/my-app/public/cryptodevs/5.svg
        new file:   NFT-Collection/my-app/public/cryptodevs/6.svg
        new file:   NFT-Collection/my-app/public/cryptodevs/7.svg
        new file:   NFT-Collection/my-app/public/cryptodevs/8.svg
        new file:   NFT-Collection/my-app/public/cryptodevs/9.svg
        new file:   NFT-Collection/my-app/public/favicon.ico
        new file:   NFT-Collection/my-app/public/next.svg
        new file:   NFT-Collection/my-app/public/thirteen.svg
        new file:   NFT-Collection/my-app/public/vercel.svg
        new file:   NFT-Collection/my-app/styles/Home.module.css
        new file:   NFT-Collection/my-app/styles/globals.css
        new file:   NFT-Collection/terminal-commands.txt

Changes not staged for commit:
  (use "git add <file>..." to update what will be committed)
  (use "git restore <file>..." to discard changes in working directory)
        modified:   NFT-Collection/terminal-commands.txt


D:\web3\web3_learn\learn-web3.dao.io\sophomore>git add .

D:\web3\web3_learn\learn-web3.dao.io\sophomore>git status
On branch trunk
Your branch is up to date with 'origin/trunk'.

Changes to be committed:
  (use "git restore --staged <file>..." to unstage)
        new file:   NFT-Collection/LearnWeb3DAO NFT-Collection main my-app-public_cryptodevs.zip
        new file:   NFT-Collection/Whitelist Contract address.txt
        new file:   NFT-Collection/hardhat-tutorial/.gitignore
        new file:   NFT-Collection/hardhat-tutorial/README.md
        new file:   NFT-Collection/hardhat-tutorial/constants/index.js
        new file:   NFT-Collection/hardhat-tutorial/contracts/CryptoDevs.sol
        new file:   NFT-Collection/hardhat-tutorial/contracts/IWhitelist.sol
        new file:   NFT-Collection/hardhat-tutorial/contracts/Lock.sol
        new file:   NFT-Collection/hardhat-tutorial/hardhat.config.js
        new file:   NFT-Collection/hardhat-tutorial/package-lock.json
        new file:   NFT-Collection/hardhat-tutorial/package.json
        new file:   NFT-Collection/hardhat-tutorial/scripts/deploy.js
        new file:   NFT-Collection/hardhat-tutorial/test/Lock.js
        new file:   NFT-Collection/my-app/.gitignore
        new file:   NFT-Collection/my-app/README.md
        new file:   NFT-Collection/my-app/constants/index.js
        new file:   NFT-Collection/my-app/jsconfig.json
        new file:   NFT-Collection/my-app/next.config.js
        new file:   NFT-Collection/my-app/package-lock.json
        new file:   NFT-Collection/my-app/package.json
        new file:   NFT-Collection/my-app/pages/_app.js
        new file:   NFT-Collection/my-app/pages/_document.js
        new file:   NFT-Collection/my-app/pages/api/hello.js
        new file:   NFT-Collection/my-app/pages/index.js
        new file:   NFT-Collection/my-app/public/cryptodevs/0.svg
        new file:   NFT-Collection/my-app/public/cryptodevs/1.svg
        new file:   NFT-Collection/my-app/public/cryptodevs/10.svg
        new file:   NFT-Collection/my-app/public/cryptodevs/11.svg
        new file:   NFT-Collection/my-app/public/cryptodevs/12.svg
        new file:   NFT-Collection/my-app/public/cryptodevs/13.svg
        new file:   NFT-Collection/my-app/public/cryptodevs/14.svg
        new file:   NFT-Collection/my-app/public/cryptodevs/15.svg
        new file:   NFT-Collection/my-app/public/cryptodevs/16.svg
        new file:   NFT-Collection/my-app/public/cryptodevs/17.svg
        new file:   NFT-Collection/my-app/public/cryptodevs/18.svg
        new file:   NFT-Collection/my-app/public/cryptodevs/19.svg
        new file:   NFT-Collection/my-app/public/cryptodevs/2.svg
        new file:   NFT-Collection/my-app/public/cryptodevs/3.svg
        new file:   NFT-Collection/my-app/public/cryptodevs/4.svg
        new file:   NFT-Collection/my-app/public/cryptodevs/5.svg
        new file:   NFT-Collection/my-app/public/cryptodevs/6.svg
        new file:   NFT-Collection/my-app/public/cryptodevs/7.svg
        new file:   NFT-Collection/my-app/public/cryptodevs/8.svg
        new file:   NFT-Collection/my-app/public/cryptodevs/9.svg
        new file:   NFT-Collection/my-app/public/favicon.ico
        new file:   NFT-Collection/my-app/public/next.svg
        new file:   NFT-Collection/my-app/public/thirteen.svg
        new file:   NFT-Collection/my-app/public/vercel.svg
        new file:   NFT-Collection/my-app/styles/Home.module.css
        new file:   NFT-Collection/my-app/styles/globals.css
        new file:   NFT-Collection/terminal-commands.txt


D:\web3\web3_learn\learn-web3.dao.io\sophomore>git commit -m "nft-collection"
[trunk 33ae62b] nft-collection
 51 files changed, 17843 insertions(+)
 create mode 100644 learn-web3.dao.io/sophomore/NFT-Collection/LearnWeb3DAO NFT-Collection main my-app-public_cryptodevs.zip
 create mode 100644 learn-web3.dao.io/sophomore/NFT-Collection/Whitelist Contract address.txt
 create mode 100644 learn-web3.dao.io/sophomore/NFT-Collection/hardhat-tutorial/.gitignore
 create mode 100644 learn-web3.dao.io/sophomore/NFT-Collection/hardhat-tutorial/README.md
 create mode 100644 learn-web3.dao.io/sophomore/NFT-Collection/hardhat-tutorial/constants/index.js
 create mode 100644 learn-web3.dao.io/sophomore/NFT-Collection/hardhat-tutorial/contracts/CryptoDevs.sol
 create mode 100644 learn-web3.dao.io/sophomore/NFT-Collection/hardhat-tutorial/contracts/IWhitelist.sol
 create mode 100644 learn-web3.dao.io/sophomore/NFT-Collection/hardhat-tutorial/contracts/Lock.sol
 create mode 100644 learn-web3.dao.io/sophomore/NFT-Collection/hardhat-tutorial/hardhat.config.js
 create mode 100644 learn-web3.dao.io/sophomore/NFT-Collection/hardhat-tutorial/package-lock.json
 create mode 100644 learn-web3.dao.io/sophomore/NFT-Collection/hardhat-tutorial/package.json
 create mode 100644 learn-web3.dao.io/sophomore/NFT-Collection/hardhat-tutorial/scripts/deploy.js
 create mode 100644 learn-web3.dao.io/sophomore/NFT-Collection/hardhat-tutorial/test/Lock.js
 create mode 100644 learn-web3.dao.io/sophomore/NFT-Collection/my-app/.gitignore
 create mode 100644 learn-web3.dao.io/sophomore/NFT-Collection/my-app/README.md
 create mode 100644 learn-web3.dao.io/sophomore/NFT-Collection/my-app/constants/index.js
 create mode 100644 learn-web3.dao.io/sophomore/NFT-Collection/my-app/jsconfig.json
 create mode 100644 learn-web3.dao.io/sophomore/NFT-Collection/my-app/next.config.js
 create mode 100644 learn-web3.dao.io/sophomore/NFT-Collection/my-app/package-lock.json
 create mode 100644 learn-web3.dao.io/sophomore/NFT-Collection/my-app/package.json
 create mode 100644 learn-web3.dao.io/sophomore/NFT-Collection/my-app/pages/_app.js
 create mode 100644 learn-web3.dao.io/sophomore/NFT-Collection/my-app/pages/_document.js
 create mode 100644 learn-web3.dao.io/sophomore/NFT-Collection/my-app/pages/api/hello.js
 create mode 100644 learn-web3.dao.io/sophomore/NFT-Collection/my-app/pages/index.js
 create mode 100644 learn-web3.dao.io/sophomore/NFT-Collection/my-app/public/cryptodevs/0.svg
 create mode 100644 learn-web3.dao.io/sophomore/NFT-Collection/my-app/public/cryptodevs/1.svg
 create mode 100644 learn-web3.dao.io/sophomore/NFT-Collection/my-app/public/cryptodevs/10.svg
 create mode 100644 learn-web3.dao.io/sophomore/NFT-Collection/my-app/public/cryptodevs/11.svg
 create mode 100644 learn-web3.dao.io/sophomore/NFT-Collection/my-app/public/cryptodevs/12.svg
 create mode 100644 learn-web3.dao.io/sophomore/NFT-Collection/my-app/public/cryptodevs/13.svg
 create mode 100644 learn-web3.dao.io/sophomore/NFT-Collection/my-app/public/cryptodevs/14.svg
 create mode 100644 learn-web3.dao.io/sophomore/NFT-Collection/my-app/public/cryptodevs/15.svg
 create mode 100644 learn-web3.dao.io/sophomore/NFT-Collection/my-app/public/cryptodevs/16.svg
 create mode 100644 learn-web3.dao.io/sophomore/NFT-Collection/my-app/public/cryptodevs/17.svg
 create mode 100644 learn-web3.dao.io/sophomore/NFT-Collection/my-app/public/cryptodevs/18.svg
 create mode 100644 learn-web3.dao.io/sophomore/NFT-Collection/my-app/public/cryptodevs/19.svg
 create mode 100644 learn-web3.dao.io/sophomore/NFT-Collection/my-app/public/cryptodevs/2.svg
 create mode 100644 learn-web3.dao.io/sophomore/NFT-Collection/my-app/public/cryptodevs/3.svg
 create mode 100644 learn-web3.dao.io/sophomore/NFT-Collection/my-app/public/cryptodevs/4.svg
 create mode 100644 learn-web3.dao.io/sophomore/NFT-Collection/my-app/public/cryptodevs/5.svg
 create mode 100644 learn-web3.dao.io/sophomore/NFT-Collection/my-app/public/cryptodevs/6.svg
 create mode 100644 learn-web3.dao.io/sophomore/NFT-Collection/my-app/public/cryptodevs/7.svg
 create mode 100644 learn-web3.dao.io/sophomore/NFT-Collection/my-app/public/cryptodevs/8.svg
 create mode 100644 learn-web3.dao.io/sophomore/NFT-Collection/my-app/public/cryptodevs/9.svg
 create mode 100644 learn-web3.dao.io/sophomore/NFT-Collection/my-app/public/favicon.ico
 create mode 100644 learn-web3.dao.io/sophomore/NFT-Collection/my-app/public/next.svg
 create mode 100644 learn-web3.dao.io/sophomore/NFT-Collection/my-app/public/thirteen.svg
 create mode 100644 learn-web3.dao.io/sophomore/NFT-Collection/my-app/public/vercel.svg
 create mode 100644 learn-web3.dao.io/sophomore/NFT-Collection/my-app/styles/Home.module.css
 create mode 100644 learn-web3.dao.io/sophomore/NFT-Collection/my-app/styles/globals.css
 create mode 100644 learn-web3.dao.io/sophomore/NFT-Collection/terminal-commands.txt

D:\web3\web3_learn\learn-web3.dao.io\sophomore>git status
On branch trunk
Your branch is ahead of 'origin/trunk' by 1 commit.
  (use "git push" to publish your local commits)

nothing to commit, working tree clean

D:\web3\web3_learn\learn-web3.dao.io\sophomore>git push
Enumerating objects: 71, done.
Counting objects: 100% (71/71), done.
Delta compression using up to 8 threads
Compressing objects: 100% (63/63), done.
Writing objects: 100% (68/68), 168.29 KiB | 5.61 MiB/s, done.
Total 68 (delta 20), reused 0 (delta 0), pack-reused 0
remote: Resolving deltas: 100% (20/20), completed with 1 local object.
To https://github.com/suvrajeet01/web3_learn.git
   0a2faca..33ae62b  trunk -> trunk

D:\web3\web3_learn\learn-web3.dao.io\sophomore>git status
On branch trunk
Your branch is up to date with 'origin/trunk'.

nothing to commit, working tree clean

D:\web3\web3_learn\learn-web3.dao.io\sophomore>cd NFT-Collection\

D:\web3\web3_learn\learn-web3.dao.io\sophomore\NFT-Collection>git status
On branch trunk
Your branch is up to date with 'origin/trunk'.

Changes not staged for commit:
  (use "git add <file>..." to update what will be committed)
  (use "git restore <file>..." to discard changes in working directory)
        modified:   terminal-commands.txt

no changes added to commit (use "git add" and/or "git commit -a")

D:\web3\web3_learn\learn-web3.dao.io\sophomore\NFT-Collection>git add .

D:\web3\web3_learn\learn-web3.dao.io\sophomore\NFT-Collection>git commit -m "terminal-commands"
[trunk 65c7288] terminal-commands
 1 file changed, 310 insertions(+)

D:\web3\web3_learn\learn-web3.dao.io\sophomore\NFT-Collection>git push
Enumerating objects: 11, done.
Counting objects: 100% (11/11), done.
Delta compression using up to 8 threads
Compressing objects: 100% (6/6), done.
Writing objects: 100% (6/6), 2.29 KiB | 1.14 MiB/s, done.
Total 6 (delta 3), reused 0 (delta 0), pack-reused 0
remote: Resolving deltas: 100% (3/3), completed with 3 local objects.
To https://github.com/suvrajeet01/web3_learn.git
   33ae62b..65c7288  trunk -> trunk

D:\web3\web3_learn\learn-web3.dao.io\sophomore\NFT-Collection>git status
On branch trunk
Your branch is up to date with 'origin/trunk'.

Changes not staged for commit:
  (use "git add <file>..." to update what will be committed)
  (use "git restore <file>..." to discard changes in working directory)
        modified:   terminal-commands.txt

no changes added to commit (use "git add" and/or "git commit -a")

D:\web3\web3_learn\learn-web3.dao.io\sophomore\NFT-Collection>git add .

D:\web3\web3_learn\learn-web3.dao.io\sophomore\NFT-Collection>git commit -m "terminal-commands"
[trunk cbda1df] terminal-commands
 1 file changed, 36 insertions(+), 1 deletion(-)

D:\web3\web3_learn\learn-web3.dao.io\sophomore\NFT-Collection>git push
Enumerating objects: 11, done.
Counting objects: 100% (11/11), done.
Delta compression using up to 8 threads
Compressing objects: 100% (6/6), done.
Writing objects: 100% (6/6), 828 bytes | 828.00 KiB/s, done.
Total 6 (delta 3), reused 0 (delta 0), pack-reused 0
remote: Resolving deltas: 100% (3/3), completed with 3 local objects.
To https://github.com/suvrajeet01/web3_learn.git
   65c7288..cbda1df  trunk -> trunk

D:\web3\web3_learn\learn-web3.dao.io\sophomore\NFT-Collection>











































--------------------------------------------------------------------------------------------------------------------------------------------------------------------------------------------










































Microsoft Windows [Version 10.0.22621.1105]
(c) Microsoft Corporation. All rights reserved.

C:\suv\lw3.io_nft-collection\NFT-Collection\hardhat-tutorial>npx hardhat run scripts/deploy.js --network goerli
Warning: Unnamed return variable can remain unassigned. Add an explicit return with value to all non-reverting code paths or name the variable.
   --> @openzeppelin/contracts/utils/Address.sol:200:30:
    |
200 |     ) internal view returns (bytes memory) {
    |                              ^^^^^^^^^^^^


Warning: Unnamed return variable can remain unassigned. Add an explicit return with value to all non-reverting code paths or name the variable.
   --> @openzeppelin/contracts/utils/Address.sol:223:30:
    |
223 |     ) internal pure returns (bytes memory) {
    |                              ^^^^^^^^^^^^










































Compiled 16 Solidity files successfully
Crypto Devs Contract Address: 0x46e2aE1Fb230B242F6610D352D84bcE4bE642737











































C:\suv\lw3.io_nft-collection\NFT-Collection\hardhat-tutorial>npx hardhat run scripts/deploy.js --network goerli
Crypto Devs Contract Address: 0x0536Feea5287f586Ad96ed6a119D311423b2623a










































C:\suv\lw3.io_nft-collection\NFT-Collection\hardhat-tutorial>















































--------------------------------------------------------------------------------------------------------------------------------------------------------------------------------------------











































Microsoft Windows [Version 10.0.22621.1105]
(c) Microsoft Corporation. All rights reserved.

C:\suv\lw3.io_nft-collection\NFT-Collection\hardhat-tutorial>npx hardhat run scripts/deploy.js --network goerli
Warning: Unnamed return variable can remain unassigned. Add an explicit return with value to all non-reverting code paths or name the variable.
   --> @openzeppelin/contracts/utils/Address.sol:200:30:
    |
200 |     ) internal view returns (bytes memory) {
    |                              ^^^^^^^^^^^^


Warning: Unnamed return variable can remain unassigned. Add an explicit return with value to all non-reverting code paths or name the variable.
   --> @openzeppelin/contracts/utils/Address.sol:223:30:
    |
223 |     ) internal pure returns (bytes memory) {
    |                              ^^^^^^^^^^^^


Compiled 16 Solidity files successfully
Crypto Devs Contract Address: 0x46e2aE1Fb230B242F6610D352D84bcE4bE642737

C:\suv\lw3.io_nft-collection\NFT-Collection\hardhat-tutorial>npx hardhat run scripts/deploy.js --network goerli
Crypto Devs Contract Address: 0x0536Feea5287f586Ad96ed6a119D311423b2623a

C:\suv\lw3.io_nft-collection\NFT-Collection\hardhat-tutorial>git status
On branch trunk
Your branch is up to date with 'origin/trunk'.

Changes not staged for commit:
  (use "git add <file>..." to update what will be committed)
  (use "git restore <file>..." to discard changes in working directory)
        modified:   constants/index.js
        modified:   ../my-app/constants/index.js

Untracked files:
  (use "git add <file>..." to include in what will be committed)
        ../my-app/pages/api/[tokenId].js

no changes added to commit (use "git add" and/or "git commit -a")

C:\suv\lw3.io_nft-collection\NFT-Collection\hardhat-tutorial>cd ..

C:\suv\lw3.io_nft-collection\NFT-Collection>cd ..

C:\suv\lw3.io_nft-collection>git status
On branch trunk
Your branch is up to date with 'origin/trunk'.

Changes not staged for commit:
  (use "git add <file>..." to update what will be committed)
  (use "git restore <file>..." to discard changes in working directory)
        modified:   NFT-Collection/hardhat-tutorial/constants/index.js
        modified:   NFT-Collection/my-app/constants/index.js

Untracked files:
  (use "git add <file>..." to include in what will be committed)












































--------------------------------------------------------------------------------------------------------------------------------------------------------------------------------------------










































////////////////////////////////////////////////////////////////////////////////////////////////////////////////////////////////////////////////////////////////////////////////////////////


Microsoft Windows [Version 10.0.22621.1105]
(c) Microsoft Corporation. All rights reserved.

D:\web3\web3_learn\learn-web3.dao.io\sophomore\NFT-Collection\my-app\constants>git diff
diff --git a/learn-web3.dao.io/sophomore/NFT-Collection/hardhat-tutorial/constants/index.js b/learn-web3.dao.io/sophomore/NFT-Collection/hardhat-tutorial/constants/index.js
index c505b4c..b051e17 100644
--- a/learn-web3.dao.io/sophomore/NFT-Collection/hardhat-tutorial/constants/index.js
+++ b/learn-web3.dao.io/sophomore/NFT-Collection/hardhat-tutorial/constants/index.js
@@ -1,6 +1,6 @@
 // Address of the Whitelist Contract that you deployed
 const WHITELIST_CONTRACT_ADDRESS = "0x311E94c8b84df2D66175ff2fA893d361D42f556E";
 // URL to extract Metadata for a Crypto Dev NFT
-const METADATA_URL = "https://nft-collection-sneh1999.vercel.app/api/";
+const METADATA_URL = "https://nft-collection-five-eosin.vercel.app/api/";

 module.exports = { WHITELIST_CONTRACT_ADDRESS, METADATA_URL };
\ No newline at end of file
diff --git a/learn-web3.dao.io/sophomore/NFT-Collection/my-app/constants/index.js b/learn-web3.dao.io/sophomore/NFT-Collection/my-app/constants/index.js
index dbaab2b..69fa8cb 100644
--- a/learn-web3.dao.io/sophomore/NFT-Collection/my-app/constants/index.js
+++ b/learn-web3.dao.io/sophomore/NFT-Collection/my-app/constants/index.js
@@ -581,4 +581,4 @@ export const abi =[
       "type": "receive"
     }
   ]
-export const NFT_CONTRACT_ADDRESS = "0x70184F89E4b9C2AD8C1FE3f97B8DDF54F104e296"
\ No newline at end of file
+export const NFT_CONTRACT_ADDRESS = "0x0536Feea5287f586Ad96ed6a119D311423b2623a"
\ No newline at end of file
diff --git a/learn-web3.dao.io/sophomore/NFT-Collection/terminal-commands.txt b/learn-web3.dao.io/sophomore/NFT-Collection/terminal-commands.txt

D:\web3\web3_learn\learn-web3.dao.io\sophomore\NFT-Collection\my-app\constants>





D:\web3\web3_learn\learn-web3.dao.io\sophomore\NFT-Collection\my-app\constants>git status
On branch trunk
Your branch is up to date with 'origin/trunk'.

Changes not staged for commit:
  (use "git add <file>..." to update what will be committed)
  (use "git restore <file>..." to discard changes in working directory)
        modified:   ../../hardhat-tutorial/constants/index.js
        modified:   index.js
        modified:   ../../terminal-commands.txt

Untracked files:
  (use "git add <file>..." to include in what will be committed)
        ../pages/api/[tokenId].js

no changes added to commit (use "git add" and/or "git commit -a")

D:\web3\web3_learn\learn-web3.dao.io\sophomore\NFT-Collection\my-app\constants>


D:\web3\web3_learn\learn-web3.dao.io\sophomore\NFT-Collection\my-app\constants>cd ../..

D:\web3\web3_learn\learn-web3.dao.io\sophomore\NFT-Collection>git status
On branch trunk
Your branch is up to date with 'origin/trunk'.

Changes not staged for commit:
  (use "git add <file>..." to update what will be committed)
  (use "git restore <file>..." to discard changes in working directory)
        modified:   hardhat-tutorial/constants/index.js
        modified:   my-app/constants/index.js
        modified:   terminal-commands.txt

Untracked files:
  (use "git add <file>..." to include in what will be committed)
        my-app/pages/api/[tokenId].js

no changes added to commit (use "git add" and/or "git commit -a")

D:\web3\web3_learn\learn-web3.dao.io\sophomore\NFT-Collection>


D:\web3\web3_learn\learn-web3.dao.io\sophomore\NFT-Collection>git restore hardhat-tutorial/constants/index.js

D:\web3\web3_learn\learn-web3.dao.io\sophomore\NFT-Collection>git status
On branch trunk
Your branch is up to date with 'origin/trunk'.

Changes not staged for commit:
  (use "git add <file>..." to update what will be committed)
  (use "git restore <file>..." to discard changes in working directory)
        modified:   my-app/constants/index.js
        modified:   terminal-commands.txt

Untracked files:
  (use "git add <file>..." to include in what will be committed)
        my-app/pages/api/[tokenId].js

no changes added to commit (use "git add" and/or "git commit -a")

D:\web3\web3_learn\learn-web3.dao.io\sophomore\NFT-Collection>


D:\web3\web3_learn\learn-web3.dao.io\sophomore\NFT-Collection>git restore my-app/constants/index.js

D:\web3\web3_learn\learn-web3.dao.io\sophomore\NFT-Collection>git status
On branch trunk
Your branch is up to date with 'origin/trunk'.

Changes not staged for commit:
  (use "git add <file>..." to update what will be committed)
  (use "git restore <file>..." to discard changes in working directory)
        modified:   terminal-commands.txt

Untracked files:
  (use "git add <file>..." to include in what will be committed)
        my-app/pages/api/[tokenId].js

no changes added to commit (use "git add" and/or "git commit -a")

D:\web3\web3_learn\learn-web3.dao.io\sophomore\NFT-Collection>cd hardhat-tutorial













































D:\web3\web3_learn\learn-web3.dao.io\sophomore\NFT-Collection\hardhat-tutorial>npx hardhat run scripts/deploy.js --network goerli
Crypto Devs Contract Address: 0x4Ae2a6DA43907593859A9fE62ce3c71a7189AD6a









































D:\web3\web3_learn\learn-web3.dao.io\sophomore\NFT-Collection\hardhat-tutorial>cd ..


D:\web3\web3_learn\learn-web3.dao.io\sophomore\NFT-Collection>git status
On branch trunk
Your branch is up to date with 'origin/trunk'.

Changes not staged for commit:
  (use "git add <file>..." to update what will be committed)
  (use "git restore <file>..." to discard changes in working directory)
        modified:   Whitelist Contract address.txt
        modified:   hardhat-tutorial/constants/index.js
        modified:   my-app/constants/index.js
        modified:   terminal-commands.txt

Untracked files:
  (use "git add <file>..." to include in what will be committed)
        my-app/pages/api/[tokenId].js

no changes added to commit (use "git add" and/or "git commit -a")

D:\web3\web3_learn\learn-web3.dao.io\sophomore\NFT-Collection>git add .

D:\web3\web3_learn\learn-web3.dao.io\sophomore\NFT-Collection>git commit -m "nft-collection-opensea"
[trunk f7d3929] nft-collection-opensea
 5 files changed, 770 insertions(+), 4 deletions(-)
 create mode 100644 learn-web3.dao.io/sophomore/NFT-Collection/my-app/pages/api/[tokenId].js

D:\web3\web3_learn\learn-web3.dao.io\sophomore\NFT-Collection>git status
On branch trunk
Your branch is ahead of 'origin/trunk' by 1 commit.
  (use "git push" to publish your local commits)

nothing to commit, working tree clean

D:\web3\web3_learn\learn-web3.dao.io\sophomore\NFT-Collection>git push
Enumerating objects: 29, done.
Counting objects: 100% (29/29), done.
Delta compression using up to 8 threads
Compressing objects: 100% (14/14), done.
Writing objects: 100% (16/16), 3.80 KiB | 973.00 KiB/s, done.
Total 16 (delta 6), reused 0 (delta 0), pack-reused 0
remote: Resolving deltas: 100% (6/6), completed with 6 local objects.
To https://github.com/suvrajeet01/web3_learn.git
   3884a78..f7d3929  trunk -> trunk

D:\web3\web3_learn\learn-web3.dao.io\sophomore\NFT-Collection>
D:\web3\web3_learn\learn-web3.dao.io\sophomore\NFT-Collection>git status
On branch trunk
Your branch is up to date with 'origin/trunk'.

Changes not staged for commit:
  (use "git add <file>..." to update what will be committed)
  (use "git restore <file>..." to discard changes in working directory)
        modified:   Whitelist Contract address.txt
        modified:   hardhat-tutorial/constants/index.js
        modified:   my-app/constants/index.js
        modified:   terminal-commands.txt

Untracked files:
  (use "git add <file>..." to include in what will be committed)
        my-app/pages/api/[tokenId].js

no changes added to commit (use "git add" and/or "git commit -a")

D:\web3\web3_learn\learn-web3.dao.io\sophomore\NFT-Collection>git add .

D:\web3\web3_learn\learn-web3.dao.io\sophomore\NFT-Collection>git commit -m "nft-collection-opensea"
[trunk f7d3929] nft-collection-opensea
 5 files changed, 770 insertions(+), 4 deletions(-)
 create mode 100644 learn-web3.dao.io/sophomore/NFT-Collection/my-app/pages/api/[tokenId].js

D:\web3\web3_learn\learn-web3.dao.io\sophomore\NFT-Collection>git status
On branch trunk
Your branch is ahead of 'origin/trunk' by 1 commit.
  (use "git push" to publish your local commits)

nothing to commit, working tree clean

D:\web3\web3_learn\learn-web3.dao.io\sophomore\NFT-Collection>git push
Enumerating objects: 29, done.
Counting objects: 100% (29/29), done.
Delta compression using up to 8 threads
Compressing objects: 100% (14/14), done.
Writing objects: 100% (16/16), 3.80 KiB | 973.00 KiB/s, done.
Total 16 (delta 6), reused 0 (delta 0), pack-reused 0
remote: Resolving deltas: 100% (6/6), completed with 6 local objects.
To https://github.com/suvrajeet01/web3_learn.git
   3884a78..f7d3929  trunk -> trunk

D:\web3\web3_learn\learn-web3.dao.io\sophomore\NFT-Collection>




D:\web3\web3_learn\learn-web3.dao.io\sophomore\NFT-Collection>git status
On branch trunk
Your branch is up to date with 'origin/trunk'.

Changes not staged for commit:
  (use "git add <file>..." to update what will be committed)
  (use "git restore <file>..." to discard changes in working directory)
        modified:   terminal-commands.txt

no changes added to commit (use "git add" and/or "git commit -a")

D:\web3\web3_learn\learn-web3.dao.io\sophomore\NFT-Collection>dir
 Volume in drive D is DATA
 Volume Serial Number is 5A08-02FE

 Directory of D:\web3\web3_learn\learn-web3.dao.io\sophomore\NFT-Collection

12-02-2023  04:26    <DIR>          .
12-02-2023  00:52    <DIR>          ..
12-02-2023  03:48    <DIR>          hardhat-tutorial
12-02-2023  04:24           289,422 LearnWeb3DAO NFT-Collection main my-app-public_cryptodevs.zip
12-02-2023  04:30    <DIR>          my-app
12-02-2023  14:16           115,335 terminal-commands.txt
12-02-2023  14:11               246 Whitelist Contract address.txt
               3 File(s)        405,003 bytes
               4 Dir(s)  241,815,425,024 bytes free

D:\web3\web3_learn\learn-web3.dao.io\sophomore\NFT-Collection>git add .

D:\web3\web3_learn\learn-web3.dao.io\sophomore\NFT-Collection>git status
On branch trunk
Your branch is up to date with 'origin/trunk'.

Changes to be committed:
  (use "git restore --staged <file>..." to unstage)
        modified:   terminal-commands.txt


D:\web3\web3_learn\learn-web3.dao.io\sophomore\NFT-Collection>git commit -m "terminal-commmands"
[trunk 2891052] terminal-commmands
 1 file changed, 88 insertions(+)

D:\web3\web3_learn\learn-web3.dao.io\sophomore\NFT-Collection>git push
Enumerating objects: 11, done.
Counting objects: 100% (11/11), done.
Delta compression using up to 8 threads
Compressing objects: 100% (6/6), done.
Writing objects: 100% (6/6), 830 bytes | 830.00 KiB/s, done.
Total 6 (delta 3), reused 0 (delta 0), pack-reused 0
remote: Resolving deltas: 100% (3/3), completed with 3 local objects.
To https://github.com/suvrajeet01/web3_learn.git
   f7d3929..2891052  trunk -> trunk

D:\web3\web3_learn\learn-web3.dao.io\sophomore\NFT-Collection>








////////////////////////////////////////////////////////////////////////////////////////////////////////////////////////////////////////////////////////////////////////////////////////////


Microsoft Windows [Version 10.0.22621.1105]
(c) Microsoft Corporation. All rights reserved.

C:\suv\lw3.io_nft-collection\NFT-Collection>git diff
diff --git a/NFT-Collection/hardhat-tutorial/constants/index.js b/NFT-Collection/hardhat-tutorial/constants/index.js
index c505b4c..b051e17 100644
--- a/NFT-Collection/hardhat-tutorial/constants/index.js
+++ b/NFT-Collection/hardhat-tutorial/constants/index.js
@@ -1,6 +1,6 @@
 // Address of the Whitelist Contract that you deployed
 const WHITELIST_CONTRACT_ADDRESS = "0x311E94c8b84df2D66175ff2fA893d361D42f556E";
 // URL to extract Metadata for a Crypto Dev NFT
-const METADATA_URL = "https://nft-collection-sneh1999.vercel.app/api/";
+const METADATA_URL = "https://nft-collection-five-eosin.vercel.app/api/";

 module.exports = { WHITELIST_CONTRACT_ADDRESS, METADATA_URL };
\ No newline at end of file
diff --git a/NFT-Collection/my-app/constants/index.js b/NFT-Collection/my-app/constants/index.js
index dbaab2b..69fa8cb 100644
--- a/NFT-Collection/my-app/constants/index.js
+++ b/NFT-Collection/my-app/constants/index.js
@@ -581,4 +581,4 @@ export const abi =[
       "type": "receive"
     }
   ]
-export const NFT_CONTRACT_ADDRESS = "0x70184F89E4b9C2AD8C1FE3f97B8DDF54F104e296"
\ No newline at end of file
+export const NFT_CONTRACT_ADDRESS = "0x0536Feea5287f586Ad96ed6a119D311423b2623a"
\ No newline at end of file

C:\suv\lw3.io_nft-collection\NFT-Collection>



C:\suv\lw3.io_nft-collection\NFT-Collection>git status
On branch trunk
Your branch is up to date with 'origin/trunk'.

Changes not staged for commit:
  (use "git add <file>..." to update what will be committed)
  (use "git restore <file>..." to discard changes in working directory)
        modified:   hardhat-tutorial/constants/index.js
        modified:   my-app/constants/index.js

Untracked files:
  (use "git add <file>..." to include in what will be committed)
        my-app/pages/api/[tokenId].js

no changes added to commit (use "git add" and/or "git commit -a")

C:\suv\lw3.io_nft-collection\NFT-Collection>

////////////////////////////////////////////////////////////////////////////////////////////////////////////////////////////////////////////////////////////////////////////////////////////